Archive member included to satisfy reference by file (symbol)

c:/program files (x86)/atmel/studio/7.0/toolchain/avr8/avr8-gnu-toolchain/bin/../lib/gcc/avr/5.4.0/avr5\libgcc.a(_mulsi3.o)
                              src/xprintf.o (__mulsi3)
c:/program files (x86)/atmel/studio/7.0/toolchain/avr8/avr8-gnu-toolchain/bin/../lib/gcc/avr/5.4.0/avr5\libgcc.a(_divmodhi4.o)
                              src/cpu_hardware.o (__divmodhi4)
c:/program files (x86)/atmel/studio/7.0/toolchain/avr8/avr8-gnu-toolchain/bin/../lib/gcc/avr/5.4.0/avr5\libgcc.a(_udivmodsi4.o)
                              src/ASF/common/services/calendar/calendar.o (__udivmodsi4)
c:/program files (x86)/atmel/studio/7.0/toolchain/avr8/avr8-gnu-toolchain/bin/../lib/gcc/avr/5.4.0/avr5\libgcc.a(_exit.o)
                              C:/Program Files (x86)/Atmel/Studio/7.0/Packs/atmel/ATmega_DFP/1.2.132/gcc/dev/atmega328p/avr5/crtatmega328p.o (exit)
c:/program files (x86)/atmel/studio/7.0/toolchain/avr8/avr8-gnu-toolchain/bin/../lib/gcc/avr/5.4.0/avr5\libgcc.a(_tablejump2.o)
                              src/xprintf.o (__tablejump2__)
c:/program files (x86)/atmel/studio/7.0/toolchain/avr8/avr8-gnu-toolchain/bin/../lib/gcc/avr/5.4.0/avr5\libgcc.a(_copy_data.o)
                              threads/buzzer_thread.o (__do_copy_data)
c:/program files (x86)/atmel/studio/7.0/toolchain/avr8/avr8-gnu-toolchain/bin/../lib/gcc/avr/5.4.0/avr5\libgcc.a(_clear_bss.o)
                              threads/buzzer_thread.o (__do_clear_bss)
c:/program files (x86)/atmel/studio/7.0/toolchain/avr8/avr8-gnu-toolchain/bin/../lib/gcc/avr/5.4.0/avr5\libgcc.a(_umulhisi3.o)
                              src/ASF/common/services/calendar/calendar.o (__umulhisi3)
c:/program files (x86)/atmel/studio/7.0/toolchain/avr8/avr8-gnu-toolchain/bin/../lib/gcc/avr/5.4.0/avr5\libgcc.a(_usmulhisi3.o)
                              src/ASF/common/services/calendar/calendar.o (__usmulhisi3)
c:/program files (x86)/atmel/studio/7.0/toolchain/avr8/avr8-gnu-toolchain/bin/../lib/gcc/avr/5.4.0/avr5\libgcc.a(_muluhisi3.o)
                              src/ASF/common/services/calendar/calendar.o (__muluhisi3)
c:/program files (x86)/atmel/studio/7.0/toolchain/avr8/avr8-gnu-toolchain/bin/../lib/gcc/avr/5.4.0/avr5\libgcc.a(_udivdi3.o)
                              ecos/clock.o (__udivdi3)
c:/program files (x86)/atmel/studio/7.0/toolchain/avr8/avr8-gnu-toolchain/bin/../lib/gcc/avr/5.4.0/avr5\libgcc.a(_udivmod64.o)
                              c:/program files (x86)/atmel/studio/7.0/toolchain/avr8/avr8-gnu-toolchain/bin/../lib/gcc/avr/5.4.0/avr5\libgcc.a(_udivdi3.o) (__udivmod64)
c:/program files (x86)/atmel/studio/7.0/toolchain/avr8/avr8-gnu-toolchain/bin/../lib/gcc/avr/5.4.0/avr5\libgcc.a(_udivmodhi4.o)
                              c:/program files (x86)/atmel/studio/7.0/toolchain/avr8/avr8-gnu-toolchain/bin/../lib/gcc/avr/5.4.0/avr5\libgcc.a(_divmodhi4.o) (__udivmodhi4)
c:/program files (x86)/atmel/studio/7.0/toolchain/avr8/avr8-gnu-toolchain/bin/../lib/gcc/avr/5.4.0/../../../../avr/lib/avr5\libc.a(setjmp.o)
                              src/ASF/common/utils/unit_test/suite.o (setjmp)
c:/program files (x86)/atmel/studio/7.0/toolchain/avr8/avr8-gnu-toolchain/bin/../lib/gcc/avr/5.4.0/../../../../avr/lib/avr5\libc.a(fputc.o)
                              src/ASF/common/utils/unit_test/suite.o (fputc)
c:/program files (x86)/atmel/studio/7.0/toolchain/avr8/avr8-gnu-toolchain/bin/../lib/gcc/avr/5.4.0/../../../../avr/lib/avr5\libc.a(iob.o)
                              src/ASF/common/utils/unit_test/suite.o (__iob)
c:/program files (x86)/atmel/studio/7.0/toolchain/avr8/avr8-gnu-toolchain/bin/../lib/gcc/avr/5.4.0/../../../../avr/lib/avr5\libc.a(printf.o)
                              src/ASF/common/utils/unit_test/suite.o (printf)
c:/program files (x86)/atmel/studio/7.0/toolchain/avr8/avr8-gnu-toolchain/bin/../lib/gcc/avr/5.4.0/../../../../avr/lib/avr5\libc.a(puts.o)
                              threads/buzzer_thread.o (puts)
c:/program files (x86)/atmel/studio/7.0/toolchain/avr8/avr8-gnu-toolchain/bin/../lib/gcc/avr/5.4.0/../../../../avr/lib/avr5\libc.a(sprintf.o)
                              src/cpu_hardware.o (sprintf)
c:/program files (x86)/atmel/studio/7.0/toolchain/avr8/avr8-gnu-toolchain/bin/../lib/gcc/avr/5.4.0/../../../../avr/lib/avr5\libc.a(vfprintf_std.o)
                              src/ASF/common/utils/unit_test/suite.o (vfprintf)
c:/program files (x86)/atmel/studio/7.0/toolchain/avr8/avr8-gnu-toolchain/bin/../lib/gcc/avr/5.4.0/../../../../avr/lib/avr5\libc.a(strnlen_P.o)
                              c:/program files (x86)/atmel/studio/7.0/toolchain/avr8/avr8-gnu-toolchain/bin/../lib/gcc/avr/5.4.0/../../../../avr/lib/avr5\libc.a(vfprintf_std.o) (strnlen_P)
c:/program files (x86)/atmel/studio/7.0/toolchain/avr8/avr8-gnu-toolchain/bin/../lib/gcc/avr/5.4.0/../../../../avr/lib/avr5\libc.a(strnlen.o)
[...]
Memory Configuration

Name             Origin             Length             Attributes
text             0x00000000         0x00020000         xr
data             0x00800060         0x0000ffa0         rw !x
eeprom           0x00810000         0x00010000         rw !x
fuse             0x00820000         0x00000003         rw !x
lock             0x00830000         0x00000400         rw !x
signature        0x00840000         0x00000400         rw !x
user_signatures  0x00850000         0x00000400         rw !x
*default*        0x00000000         0xffffffff

Linker script and memory map

Address of section .data set to 0x800100
LOAD C:/Program Files (x86)/Atmel/Studio/7.0/Packs/atmel/ATmega_DFP/1.2.132/gcc/dev/atmega328p/avr5/crtatmega328p.o
LOAD threads/buzzer_thread.o
LOAD threads/led_thread.o
LOAD threads/start_thread.o
LOAD ecos/clock.o
LOAD ecos/ctimer.o
LOAD ecos/etimer.o
LOAD ecos/process.o
LOAD ecos/procinit.o
LOAD ecos/timer.o
LOAD src/ASF/common/boards/user_board/init.o
LOAD src/ASF/common/services/adp/adp.o
LOAD src/ASF/common/services/adp/adp_interface_uart.o
LOAD src/ASF/common/services/calendar/calendar.o
LOAD src/ASF/common/services/clock/mega/sysclk.o
LOAD src/ASF/common/utils/stdio/read.o
LOAD src/ASF/common/utils/stdio/write.o
LOAD src/ASF/common/utils/unit_test/suite.o
LOAD src/cpu_hardware.o
LOAD src/xprintf.o
LOAD src/ASF/mega/drivers/usart/usart_mega.o
LOAD src/main.o
START GROUP
LOAD c:/program files (x86)/atmel/studio/7.0/toolchain/avr8/avr8-gnu-toolchain/bin/../lib/gcc/avr/5.4.0/../../../../avr/lib/avr5\libm.a
END GROUP
START GROUP
LOAD c:/program files (x86)/atmel/studio/7.0/toolchain/avr8/avr8-gnu-toolchain/bin/../lib/gcc/avr/5.4.0/avr5\libgcc.a
LOAD c:/program files (x86)/atmel/studio/7.0/toolchain/avr8/avr8-gnu-toolchain/bin/../lib/gcc/avr/5.4.0/../../../../avr/lib/avr5\libm.a
LOAD c:/program files (x86)/atmel/studio/7.0/toolchain/avr8/avr8-gnu-toolchain/bin/../lib/gcc/avr/5.4.0/../../../../avr/lib/avr5\libc.a
LOAD C:/Program Files (x86)/Atmel/Studio/7.0/Packs/atmel/ATmega_DFP/1.2.132/gcc/dev/atmega328p/avr5\libatmega328p.a
END GROUP
                0x00020000                __TEXT_REGION_LENGTH__ = DEFINED (__TEXT_REGION_LENGTH__)?__TEXT_REGION_LENGTH__:0x20000
                0x0000ffa0                __DATA_REGION_LENGTH__ = DEFINED (__DATA_REGION_LENGTH__)?__DATA_REGION_LENGTH__:0xffa0
                0x00010000                __EEPROM_REGION_LENGTH__ = DEFINED (__EEPROM_REGION_LENGTH__)?__EEPROM_REGION_LENGTH__:0x10000
                [0x00000003]                __FUSE_REGION_LENGTH__ = DEFINED (__FUSE_REGION_LENGTH__)?__FUSE_REGION_LENGTH__:0x400
                0x00000400                __LOCK_REGION_LENGTH__ = DEFINED (__LOCK_REGION_LENGTH__)?__LOCK_REGION_LENGTH__:0x400
                0x00000400                __SIGNATURE_REGION_LENGTH__ = DEFINED (__SIGNATURE_REGION_LENGTH__)?__SIGNATURE_REGION_LENGTH__:0x400
                0x00000400                __USER_SIGNATURE_REGION_LENGTH__ = DEFINED (__USER_SIGNATURE_REGION_LENGTH__)?__USER_SIGNATURE_REGION_LENGTH__:0x400

.hash
 *(.hash)

.dynsym
 *(.dynsym)

.dynstr
 *(.dynstr)

.gnu.version
 *(.gnu.version)

.gnu.version_d
 *(.gnu.version_d)

.gnu.version_r
 *(.gnu.version_r)

.rel.init
 *(.rel.init)

.rela.init
 *(.rela.init)

.rel.text
 *(.rel.text)
 *(.rel.text.*)
 *(.rel.gnu.linkonce.t*)

.rela.text
 *(.rela.text)
 *(.rela.text.*)
 *(.rela.gnu.linkonce.t*)

.rel.fini
 *(.rel.fini)

.rela.fini
 *(.rela.fini)

.rel.rodata
 *(.rel.rodata)
 *(.rel.rodata.*)
 *(.rel.gnu.linkonce.r*)

.rela.rodata
 *(.rela.rodata)
 *(.rela.rodata.*)
 *(.rela.gnu.linkonce.r*)

.rel.data
 *(.rel.data)
 *(.rel.data.*)
 *(.rel.gnu.linkonce.d*)

.rela.data
 *(.rela.data)
 *(.rela.data.*)
 *(.rela.gnu.linkonce.d*)

.rel.ctors
 *(.rel.ctors)

.rela.ctors
 *(.rela.ctors)

.rel.dtors
 *(.rel.dtors)

.rela.dtors
 *(.rela.dtors)

.rel.got
 *(.rel.got)

.rela.got
 *(.rela.got)

.rel.bss
 *(.rel.bss)

.rela.bss
 *(.rela.bss)

.rel.plt
 *(.rel.plt)

.rela.plt
 *(.rela.plt)

.text           0x00000000     0x27a0
 *(.vectors)
 .vectors       0x00000000       0x68 C:/Program Files (x86)/Atmel/Studio/7.0/Packs/atmel/ATmega_DFP/1.2.132/gcc/dev/atmega328p/avr5/crtatmega328p.o
                0x00000000                __vector_default
                0x00000000                __vectors
 *(.vectors)
 *(.progmem.gcc*)
                0x00000068                . = ALIGN (0x2)
                0x00000068                __trampolines_start = .
 *(.trampolines)
 .trampolines   0x00000068        0x0 linker stubs
 *(.trampolines*)
                0x00000068                __trampolines_end = .
 *libprintf_flt.a:*(.progmem.data)
 *libc.a:*(.progmem.data)
 *(.progmem*)
                0x00000068                . = ALIGN (0x2)
 *(.jumptables)
 *(.jumptables*)
 *(.lowtext)
 *(.lowtext*)
                0x00000068                __ctors_start = .
 *(.ctors)
                0x00000068                __ctors_end = .
                0x00000068                __dtors_start = .
 *(.dtors)
                0x00000068                __dtors_end = .
 SORT(*)(.ctors)
 SORT(*)(.dtors)
 *(.init0)
 .init0         0x00000068        0x0 C:/Program Files (x86)/Atmel/Studio/7.0/Packs/atmel/ATmega_DFP/1.2.132/gcc/dev/atmega328p/avr5/crtatmega328p.o
                0x00000068                __init
 *(.init0)
 *(.init1)
 *(.init1)
 *(.init2)
 .init2         0x00000068        0xc C:/Program Files (x86)/Atmel/Studio/7.0/Packs/atmel/ATmega_DFP/1.2.132/gcc/dev/atmega328p/avr5/crtatmega328p.o
 *(.init2)
 *(.init3)
 *(.init3)
 *(.init4)
 .init4         0x00000074       0x16 c:/program files (x86)/atmel/studio/7.0/toolchain/avr8/avr8-gnu-toolchain/bin/../lib/gcc/avr/5.4.0/avr5\libgcc.a(_copy_data.o)
                0x00000074                __do_copy_data
 .init4         0x0000008a       0x10 c:/program files (x86)/atmel/studio/7.0/toolchain/avr8/avr8-gnu-toolchain/bin/../lib/gcc/avr/5.4.0/avr5\libgcc.a(_clear_bss.o)
                0x0000008a                __do_clear_bss
 *(.init4)
 *(.init5)
 *(.init5)
 *(.init6)
 *(.init6)
 *(.init7)
 *(.init7)
 *(.init8)
 *(.init8)
 *(.init9)
 .init9         0x0000009a        0x8 C:/Program Files (x86)/Atmel/Studio/7.0/Packs/atmel/ATmega_DFP/1.2.132/gcc/dev/atmega328p/avr5/crtatmega328p.o
 *(.init9)
 *(.text)
 .text          0x000000a2        0x2 C:/Program Files (x86)/Atmel/Studio/7.0/Packs/atmel/ATmega_DFP/1.2.132/gcc/dev/atmega328p/avr5/crtatmega328p.o
                0x000000a2                __vector_22
                0x000000a2                __vector_1
                0x000000a2                __vector_24
                0x000000a2                __vector_12
                0x000000a2                __bad_interrupt
                0x000000a2                __vector_6
                0x000000a2                __vector_3
                0x000000a2                __vector_23
                0x000000a2                __vector_25
                0x000000a2                __vector_11
                0x000000a2                __vector_17
                0x000000a2                __vector_7
                0x000000a2                __vector_5
                0x000000a2                __vector_4
                0x000000a2                __vector_9
                0x000000a2                __vector_2
                0x000000a2                __vector_21
                0x000000a2                __vector_15
                0x000000a2                __vector_8
                0x000000a2                __vector_14
                0x000000a2                __vector_10
                0x000000a2                __vector_20
                0x000000a4                . = ALIGN (0x2)
 *(.text.*)
 .text.process_thread_buzzer_process
                0x000000a4       0x8c threads/buzzer_thread.o
 .text.process_thread_led_process
                0x00000130       0x52 threads/led_thread.o
 .text.clock_time
                0x00000182       0x58 ecos/clock.o
                0x00000182                clock_time
 .text.update_time
                0x000001da       0xc0 ecos/etimer.o
 .text.etimer_request_poll
                0x0000029a        0x8 ecos/etimer.o
                0x0000029a                etimer_request_poll
 .text.process_thread_etimer_process
                0x000002a2      0x128 ecos/etimer.o
 .text.add_timer
                0x000003ca       0x6c ecos/etimer.o
 .text.etimer_set
                0x00000436       0x12 ecos/etimer.o
                0x00000436                etimer_set
 .text.exit_process
                0x00000448       0xfe ecos/process.o
 .text.call_process
                0x00000546       0x58 ecos/process.o
 .text.do_poll  0x0000059e       0x3e ecos/process.o
 .text.process_init
                0x000005dc       0x20 ecos/process.o
                0x000005dc                process_init
 .text.process_run
                0x000005fc       0xbe ecos/process.o
                0x000005fc                process_run
 .text.process_post
                0x000006ba       0x42 ecos/process.o
                0x000006ba                process_post
 .text.process_post_synch
                0x000006fc       0x1c ecos/process.o
                0x000006fc                process_post_synch
 .text.process_start
                0x00000718       0x48 ecos/process.o
                0x00000718                process_start
 .text.process_poll
                0x00000760       0x18 ecos/process.o
                0x00000760                process_poll
 .text.procinit_init
                0x00000778       0x28 ecos/procinit.o
                0x00000778                procinit_init
 .text.timer_set
                0x000007a0       0x1e ecos/timer.o
                0x000007a0                timer_set
 .text.timer_expired
                0x000007be       0x54 ecos/timer.o
                0x000007be                timer_expired
 .text.board_init
                0x00000812       0x22 src/ASF/common/boards/user_board/init.o
                0x00000812                board_init
 .text.adp_protocol_add_byte
                0x00000834      0x234 src/ASF/common/services/adp/adp.o
 .text.adp_wait_for_response
                0x00000a68       0x94 src/ASF/common/services/adp/adp.o
 .text.adp_request_handshake
                0x00000afc      0x140 src/ASF/common/services/adp/adp.o
 .text.adp_add_send_byte
                0x00000c3c       0x50 src/ASF/common/services/adp/adp.o
                0x00000c3c                adp_add_send_byte
 .text.adp_add_dashboard_element_common_send_byte
                0x00000c8c       0x8c src/ASF/common/services/adp/adp.o
 .text.adp_wait_for_handshake
                0x00000d18       0x24 src/ASF/common/services/adp/adp.o
                0x00000d18                adp_wait_for_handshake
 .text.adp_configure_stream
                0x00000d3c      0x12a src/ASF/common/services/adp/adp.o
                0x00000d3c                adp_configure_stream
 .text.adp_configure_terminal
                0x00000e66      0x10a src/ASF/common/services/adp/adp.o
                0x00000e66                adp_configure_terminal
 .text.adp_add_stream_to_terminal
                0x00000f70      0x13a src/ASF/common/services/adp/adp.o
                0x00000f70                adp_add_stream_to_terminal
 .text.adp_add_dashboard
                0x000010aa      0x11a src/ASF/common/services/adp/adp.o
                0x000010aa                adp_add_dashboard
 .text.adp_add_graph_to_dashboard
                0x000011c4      0x188 src/ASF/common/services/adp/adp.o
                0x000011c4                adp_add_graph_to_dashboard
 .text.adp_add_stream_to_element
                0x0000134c       0xea src/ASF/common/services/adp/adp.o
                0x0000134c                adp_add_stream_to_element
 .text.adp_transceive_stream
                0x00001436      0x124 src/ASF/common/services/adp/adp.o
                0x00001436                adp_transceive_stream
 .text.adp_transceive_single_stream
                0x0000155a       0x48 src/ASF/common/services/adp/adp.o
                0x0000155a                adp_transceive_single_stream
 .text.adp_interface_read_response
                0x000015a2       0x98 src/ASF/common/services/adp/adp_interface_uart.o
                0x000015a2                adp_interface_read_response
 .text.adp_interface_transceive_procotol
                0x0000163a       0x2a src/ASF/common/services/adp/adp_interface_uart.o
                0x0000163a                adp_interface_transceive_procotol
 .text.calendar_leapyear
                0x00001664       0x6a src/ASF/common/services/calendar/calendar.o
 .text.Find_WeekDay
                0x000016ce       0xbe src/ASF/common/services/calendar/calendar.o
                0x000016ce                Find_WeekDay
 .text.Calc_WeekDay
                0x0000178c       0x1c src/ASF/common/services/calendar/calendar.o
                0x0000178c                Calc_WeekDay
 .text.calendar_add_second_to_date
                0x000017a8       0x9e src/ASF/common/services/calendar/calendar.o
                0x000017a8                calendar_add_second_to_date
 .text.sysclk_init
                0x00001846       0x32 src/ASF/common/services/clock/mega/sysclk.o
                0x00001846                sysclk_init
 .text.sysclk_enable_module
                0x00001878       0x2c src/ASF/common/services/clock/mega/sysclk.o
                0x00001878                sysclk_enable_module
 .text.__portable_avr_delay_cycles
                0x000018a4       0x16 src/cpu_hardware.o
 .text.uart_putchar
                0x000018ba       0x7a src/cpu_hardware.o
                0x000018ba                uart_putchar
 .text.__vector_16
                0x00001934       0x4a src/cpu_hardware.o
                0x00001934                __vector_16
 .text.__vector_13
                0x0000197e      0x164 src/cpu_hardware.o
                0x0000197e                __vector_13
 .text.__vector_19
                0x00001ae2       0x80 src/cpu_hardware.o
                0x00001ae2                __vector_19
 .text.__vector_18
                0x00001b62       0x68 src/cpu_hardware.o
                0x00001b62                __vector_18
 .text.Cpu_Measurement
                0x00001bca      0x122 src/cpu_hardware.o
                0x00001bca                Cpu_Measurement
 .text.Cpu_Hardware_Init
                0x00001cec      0x2fc src/cpu_hardware.o
                0x00001cec                Cpu_Hardware_Init
 .text.Tick_Timer_Process
                0x00001fe8        0x6 src/main.o
                0x00001fe8                Tick_Timer_Process
 .text.Second_Timer_Process
                0x00001fee        0x2 src/main.o
                0x00001fee                Second_Timer_Process
 .text.main     0x00001ff0       0x1c src/main.o
                0x00001ff0                main
 .text.libgcc.div
                0x0000200c       0x26 c:/program files (x86)/atmel/studio/7.0/toolchain/avr8/avr8-gnu-toolchain/bin/../lib/gcc/avr/5.4.0/avr5\libgcc.a(_divmodhi4.o)
                0x0000200c                _div
                0x0000200c                __divmodhi4
 .text.libgcc.div
                0x00002032       0x44 c:/program files (x86)/atmel/studio/7.0/toolchain/avr8/avr8-gnu-toolchain/bin/../lib/gcc/avr/5.4.0/avr5\libgcc.a(_udivmodsi4.o)
                0x00002032                __udivmodsi4
 .text.libgcc.mul
                0x00002076       0x1e c:/program files (x86)/atmel/studio/7.0/toolchain/avr8/avr8-gnu-toolchain/bin/../lib/gcc/avr/5.4.0/avr5\libgcc.a(_umulhisi3.o)
                0x00002076                __umulhisi3
 .text.libgcc.mul
                0x00002094       0x14 c:/program files (x86)/atmel/studio/7.0/toolchain/avr8/avr8-gnu-toolchain/bin/../lib/gcc/avr/5.4.0/avr5\libgcc.a(_muluhisi3.o)
                0x00002094                __muluhisi3
 .text.libgcc.div
                0x000020a8       0x1a c:/program files (x86)/atmel/studio/7.0/toolchain/avr8/avr8-gnu-toolchain/bin/../lib/gcc/avr/5.4.0/avr5\libgcc.a(_udivdi3.o)
                0x000020a8                __umoddi3
                0x000020ac                __udivdi3
                0x000020ae                __udivdi3_umoddi3
 .text.libgcc.div
                0x000020c2       0xa2 c:/program files (x86)/atmel/studio/7.0/toolchain/avr8/avr8-gnu-toolchain/bin/../lib/gcc/avr/5.4.0/avr5\libgcc.a(_udivmod64.o)
                0x000020c2                __udivmod64
 .text.libgcc.div
                0x00002164       0x28 c:/program files (x86)/atmel/studio/7.0/toolchain/avr8/avr8-gnu-toolchain/bin/../lib/gcc/avr/5.4.0/avr5\libgcc.a(_udivmodhi4.o)
                0x00002164                __udivmodhi4
 .text.avr-libc
                0x0000218c       0x78 c:/program files (x86)/atmel/studio/7.0/toolchain/avr8/avr8-gnu-toolchain/bin/../lib/gcc/avr/5.4.0/../../../../avr/lib/avr5\libc.a(fputc.o)
                0x0000218c                fputc
 .text.avr-libc
                0x00002204       0x60 c:/program files (x86)/atmel/studio/7.0/toolchain/avr8/avr8-gnu-toolchain/bin/../lib/gcc/avr/5.4.0/../../../../avr/lib/avr5\libc.a(puts.o)
                0x00002204                puts
 .text.avr-libc
                0x00002264       0x3e c:/program files (x86)/atmel/studio/7.0/toolchain/avr8/avr8-gnu-toolchain/bin/../lib/gcc/avr/5.4.0/../../../../avr/lib/avr5\libc.a(sprintf.o)
                0x00002264                sprintf
 .text.avr-libc
                0x000022a2      0x3a4 c:/program files (x86)/atmel/studio/7.0/toolchain/avr8/avr8-gnu-toolchain/bin/../lib/gcc/avr/5.4.0/../../../../avr/lib/avr5\libc.a(vfprintf_std.o)
                0x000022a2                vfprintf
 .text.avr-libc
                0x00002646       0x16 c:/program files (x86)/atmel/studio/7.0/toolchain/avr8/avr8-gnu-toolchain/bin/../lib/gcc/avr/5.4.0/../../../../avr/lib/avr5\libc.a(strnlen_P.o)
                0x00002646                strnlen_P
 .text.avr-libc
                0x0000265c       0x16 c:/program files (x86)/atmel/studio/7.0/toolchain/avr8/avr8-gnu-toolchain/bin/../lib/gcc/avr/5.4.0/../../../../avr/lib/avr5\libc.a(strnlen.o)
                0x0000265c                strnlen
 .text.avr-libc
                0x00002672       0xbc c:/program files (x86)/atmel/studio/7.0/toolchain/avr8/avr8-gnu-toolchain/bin/../lib/gcc/avr/5.4.0/../../../../avr/lib/avr5\libc.a(ultoa_invert.o)
                0x00002672                __ultoa_invert
 .text.libgcc.prologue
                0x0000272e       0x38 c:/program files (x86)/atmel/studio/7.0/toolchain/avr8/avr8-gnu-toolchain/bin/../lib/gcc/avr/5.4.0/avr5\libgcc.a(_prologue.o)
                0x0000272e                __prologue_saves__
 .text.libgcc.prologue
                0x00002766       0x36 c:/program files (x86)/atmel/studio/7.0/toolchain/avr8/avr8-gnu-toolchain/bin/../lib/gcc/avr/5.4.0/avr5\libgcc.a(_epilogue.o)
                0x00002766                __epilogue_restores__
                0x0000279c                . = ALIGN (0x2)
 *(.fini9)
 .fini9         0x0000279c        0x0 c:/program files (x86)/atmel/studio/7.0/toolchain/avr8/avr8-gnu-toolchain/bin/../lib/gcc/avr/5.4.0/avr5\libgcc.a(_exit.o)
                0x0000279c                _exit
                0x0000279c                exit
 *(.fini9)
 *(.fini8)
 *(.fini8)
 *(.fini7)
 *(.fini7)
 *(.fini6)
 *(.fini6)
 *(.fini5)
 *(.fini5)
 *(.fini4)
 *(.fini4)
 *(.fini3)
 *(.fini3)
 *(.fini2)
 *(.fini2)
 *(.fini1)
 *(.fini1)
 *(.fini0)
 .fini0         0x0000279c        0x4 c:/program files (x86)/atmel/studio/7.0/toolchain/avr8/avr8-gnu-toolchain/bin/../lib/gcc/avr/5.4.0/avr5\libgcc.a(_exit.o)
 *(.fini0)
                0x000027a0                _etext = .

.data           0x00800100      0x13e load address 0x000027a0
                0x00800100                PROVIDE (__data_start, .)
 *(.data)
 *(.data*)
 .data.buzzer_process
                0x00800100        0xa threads/buzzer_thread.o
                0x00800100                buzzer_process
 .data.led_process
                0x0080010a        0xa threads/led_thread.o
                0x0080010a                led_process
 .data.etimer_process
                0x00800114        0xa ecos/etimer.o
                0x00800114                etimer_process
 .data.last_received_message_id
                0x0080011e        0x1 src/ASF/common/services/adp/adp.o
 .data.real_date
                0x0080011f        0x8 src/cpu_hardware.o
                0x0080011f                real_date
 .data.terminal_config
                0x00800127        0xa src/cpu_hardware.o
                0x00800127                terminal_config
 .data.cpu_measurement_restart
                0x00800131        0x1 src/cpu_hardware.o
                0x00800131                cpu_measurement_restart
 .data.procinit
                0x00800132        0x8 src/main.o
                0x00800132                procinit
 *(.rodata)
 .rodata        0x0080013a        0x8 src/ASF/common/services/adp/adp.o
 .rodata        0x00800142        0xc src/ASF/common/services/calendar/calendar.o
 .rodata        0x0080014e       0x12 src/cpu_hardware.o
 *(.rodata*)
 .rodata.str1.1
                0x00800160       0x37 threads/buzzer_thread.o
 .rodata.str1.1
                0x00800197       0x1d threads/led_thread.o
 .rodata.str1.1
                0x008001b4        0xc ecos/etimer.o
 .rodata.month  0x008001c0       0x18 src/ASF/common/services/calendar/calendar.o
                0x008001c0                month
 .rodata.str1.1
                0x008001d8       0x5d src/cpu_hardware.o
 .rodata.str1.1
                0x00800235        0x8 src/main.o
 *(.gnu.linkonce.d*)
                0x0080023e                . = ALIGN (0x2)
 *fill*         0x0080023d        0x1 
                0x0080023e                _edata = .
                0x0080023e                PROVIDE (__data_end, .)

.bss            0x0080023e      0x188
                0x0080023e                PROVIDE (__bss_start, .)
 *(.bss)
 *(.bss*)
 .bss.timer_etimer.3711
                0x0080023e        0xc threads/buzzer_thread.o
 .bss.timer_etimer.3711
                0x0080024a        0xc threads/led_thread.o
 .bss.next_expiration
                0x00800256        0x4 ecos/etimer.o
 .bss.timerlist
                0x0080025a        0x2 ecos/etimer.o
 .bss.poll_requested
                0x0080025c        0x1 ecos/process.o
 .bss.events    0x0080025d       0xa0 ecos/process.o
 .bss.fevent    0x008002fd        0x1 ecos/process.o
 .bss.nevents   0x008002fe        0x1 ecos/process.o
 .bss.lastevent
                0x008002ff        0x1 ecos/process.o
 .bss.process_current
                0x00800300        0x2 ecos/process.o
                0x00800300                process_current
 .bss.process_list
                0x00800302        0x2 ecos/process.o
                0x00800302                process_list
 .bss.message_id.3484
                0x00800304        0x1 src/ASF/common/services/adp/adp.o
 .bss.rx_state  0x00800305        0x1 src/ASF/common/services/adp/adp.o
 .bss.length_received
                0x00800306        0x2 src/ASF/common/services/adp/adp.o
 .bss.prev_data
                0x00800308        0x1 src/ASF/common/services/adp/adp.o
 .bss.bytes_received
                0x00800309        0x2 src/ASF/common/services/adp/adp.o
 .bss.packet_received
                0x0080030b        0x1 src/ASF/common/services/adp/adp.o
 .bss.cpu_cycle.3602
                0x0080030c        0x4 src/cpu_hardware.o
 .bss.cpu_avg_t.3601
                0x00800310        0x4 src/cpu_hardware.o
 .bss.cpu_timer_t.3600
                0x00800314        0x1 src/cpu_hardware.o
 .bss.kont.3550
                0x00800315        0x1 src/cpu_hardware.o
 .bss.receive_packet_data
                0x00800316       0x16 src/cpu_hardware.o
                0x00800316                receive_packet_data
 *(COMMON)
 COMMON         0x0080032c       0x90 src/cpu_hardware.o
                0x0080032c                out_buffer
                0x0080036c                in_buffer
                0x008003ac                cpu_max
                0x008003ad                ring_buffer_in
                0x008003b2                cpu_avg
                0x008003b6                cpu_min
                0x008003b7                ring_buffer_out
 COMMON         0x008003bc        0x4 src/xprintf.o
                0x008003bc                xfunc_in
                0x008003be                xfunc_out
 COMMON         0x008003c0        0x6 c:/program files (x86)/atmel/studio/7.0/toolchain/avr8/avr8-gnu-toolchain/bin/../lib/gcc/avr/5.4.0/../../../../avr/lib/avr5\libc.a(iob.o)
                0x008003c0                __iob
                0x008003c6                PROVIDE (__bss_end, .)
                0x000027a0                __data_load_start = LOADADDR (.data)
                0x000028de                __data_load_end = (__data_load_start + SIZEOF (.data))

.noinit         0x008003c6        0x0
                [!provide]                PROVIDE (__noinit_start, .)
 *(.noinit*)
                [!provide]                PROVIDE (__noinit_end, .)
                0x008003c6                _end = .
                [!provide]                PROVIDE (__heap_start, .)

.eeprom         0x00810000        0x0
 *(.eeprom*)
                0x00810000                __eeprom_end = .

.fuse
 *(.fuse)
 *(.lfuse)
 *(.hfuse)
 *(.efuse)

.lock
 *(.lock*)

.signature
 *(.signature*)

.user_signatures
 *(.user_signatures*)

.stab
 *(.stab)

.stabstr
 *(.stabstr)

.stab.excl
 *(.stab.excl)

.stab.exclstr
 *(.stab.exclstr)

.stab.index
 *(.stab.index)

.stab.indexstr
 *(.stab.indexstr)

.comment        0x00000000       0x5c
 *(.comment)
 .comment       0x00000000       0x30 threads/buzzer_thread.o
                                 0x31 (size before relaxing)
 .comment       0x00000030       0x31 threads/led_thread.o
 .comment       0x00000030       0x31 ecos/clock.o
 .comment       0x00000030       0x31 ecos/etimer.o
 .comment       0x00000030       0x31 ecos/process.o
 .comment       0x00000030       0x31 ecos/procinit.o
 .comment       0x00000030       0x31 ecos/timer.o
 .comment       0x00000030       0x31 src/ASF/common/boards/user_board/init.o
 .comment       0x00000030       0x31 src/ASF/common/services/adp/adp.o
 .comment       0x00000030       0x31 src/ASF/common/services/adp/adp_interface_uart.o
 .comment       0x00000030       0x31 src/ASF/common/services/calendar/calendar.o
 .comment       0x00000030       0x31 src/ASF/common/services/clock/mega/sysclk.o
 .comment       0x00000030       0x31 src/cpu_hardware.o
 .comment       0x00000030       0x31 src/xprintf.o
 .comment       0x00000030       0x31 src/main.o
 .comment       0x00000030       0x31 c:/program files (x86)/atmel/studio/7.0/toolchain/avr8/avr8-gnu-toolchain/bin/../lib/gcc/avr/5.4.0/../../../../avr/lib/avr5\libc.a(fputc.o)
 .comment       0x00000030       0x31 c:/program files (x86)/atmel/studio/7.0/toolchain/avr8/avr8-gnu-toolchain/bin/../lib/gcc/avr/5.4.0/../../../../avr/lib/avr5\libc.a(iob.o)
 .comment       0x00000030       0x31 c:/program files (x86)/atmel/studio/7.0/toolchain/avr8/avr8-gnu-toolchain/bin/../lib/gcc/avr/5.4.0/../../../../avr/lib/avr5\libc.a(puts.o)
 .comment       0x00000030       0x31 c:/program files (x86)/atmel/studio/7.0/toolchain/avr8/avr8-gnu-toolchain/bin/../lib/gcc/avr/5.4.0/../../../../avr/lib/avr5\libc.a(sprintf.o)
 .comment       0x00000030       0x2c c:/program files (x86)/atmel/studio/7.0/toolchain/avr8/avr8-gnu-toolchain/bin/../lib/gcc/avr/5.4.0/../../../../avr/lib/avr5\libc.a(vfprintf_std.o)
                                 0x2d (size before relaxing)

.note.gnu.avr.deviceinfo
                0x00000000       0x40
 .note.gnu.avr.deviceinfo
                0x00000000       0x40 C:/Program Files (x86)/Atmel/Studio/7.0/Packs/atmel/ATmega_DFP/1.2.132/gcc/dev/atmega328p/avr5/crtatmega328p.o

.note.gnu.build-id
 *(.note.gnu.build-id)

.debug
 *(.debug)

.line
 *(.line)

.debug_srcinfo
 *(.debug_srcinfo)

.debug_sfnames
 *(.debug_sfnames)

.debug_aranges  0x00000000      0x4c0
 *(.debug_aranges)
 .debug_aranges
                0x00000000       0x20 threads/buzzer_thread.o
 .debug_aranges
                0x00000020       0x20 threads/led_thread.o
 .debug_aranges
                0x00000040       0x28 ecos/clock.o
 .debug_aranges
                0x00000068       0x90 ecos/etimer.o
 .debug_aranges
                0x000000f8       0x80 ecos/process.o
 .debug_aranges
                0x00000178       0x20 ecos/procinit.o
 .debug_aranges
                0x00000198       0x40 ecos/timer.o
 .debug_aranges
                0x000001d8       0x20 src/ASF/common/boards/user_board/init.o
 .debug_aranges
                0x000001f8      0x110 src/ASF/common/services/adp/adp.o
 .debug_aranges
                0x00000308       0x28 src/ASF/common/services/adp/adp_interface_uart.o
 .debug_aranges
                0x00000330       0x68 src/ASF/common/services/calendar/calendar.o
 .debug_aranges
                0x00000398       0x30 src/ASF/common/services/clock/mega/sysclk.o
 .debug_aranges
                0x000003c8       0x58 src/cpu_hardware.o
 .debug_aranges
                0x00000420       0x70 src/xprintf.o
 .debug_aranges
                0x00000490       0x30 src/main.o

.debug_pubnames
 *(.debug_pubnames)

.debug_info     0x00000000     0xa3ee
 *(.debug_info .gnu.linkonce.wi.*)
 .debug_info    0x00000000      0x5f4 C:/Program Files (x86)/Atmel/Studio/7.0/Packs/atmel/ATmega_DFP/1.2.132/gcc/dev/atmega328p/avr5/crtatmega328p.o
 .debug_info    0x000005f4      0x44f threads/buzzer_thread.o
 .debug_info    0x00000a43      0x3d3 threads/led_thread.o
 .debug_info    0x00000e16      0x1f7 ecos/clock.o
 .debug_info    0x0000100d      0x7f9 ecos/etimer.o
 .debug_info    0x00001806      0x7dc ecos/process.o
 .debug_info    0x00001fe2      0x2ca ecos/procinit.o
 .debug_info    0x000022ac      0x2f1 ecos/timer.o
 .debug_info    0x0000259d      0x47b src/ASF/common/boards/user_board/init.o
 .debug_info    0x00002a18     0x483b src/ASF/common/services/adp/adp.o
 .debug_info    0x00007253      0x49a src/ASF/common/services/adp/adp_interface_uart.o
 .debug_info    0x000076ed      0x795 src/ASF/common/services/calendar/calendar.o
 .debug_info    0x00007e82      0x2ac src/ASF/common/services/clock/mega/sysclk.o
 .debug_info    0x0000812e     0x167e src/cpu_hardware.o
 .debug_info    0x000097ac      0x732 src/xprintf.o
 .debug_info    0x00009ede      0x510 src/main.o

.debug_abbrev   0x00000000     0x261e
 *(.debug_abbrev)
 .debug_abbrev  0x00000000      0x5a2 C:/Program Files (x86)/Atmel/Studio/7.0/Packs/atmel/ATmega_DFP/1.2.132/gcc/dev/atmega328p/avr5/crtatmega328p.o
 .debug_abbrev  0x000005a2      0x1b7 threads/buzzer_thread.o
 .debug_abbrev  0x00000759      0x1a6 threads/led_thread.o
 .debug_abbrev  0x000008ff       0xfa ecos/clock.o
 .debug_abbrev  0x000009f9      0x2af ecos/etimer.o
 .debug_abbrev  0x00000ca8      0x351 ecos/process.o
 .debug_abbrev  0x00000ff9      0x153 ecos/procinit.o
 .debug_abbrev  0x0000114c      0x16b ecos/timer.o
 .debug_abbrev  0x000012b7      0x1a3 src/ASF/common/boards/user_board/init.o
 .debug_abbrev  0x0000145a      0x375 src/ASF/common/services/adp/adp.o
 .debug_abbrev  0x000017cf      0x227 src/ASF/common/services/adp/adp_interface_uart.o
 .debug_abbrev  0x000019f6      0x242 src/ASF/common/services/calendar/calendar.o
 .debug_abbrev  0x00001c38      0x1a6 src/ASF/common/services/clock/mega/sysclk.o
 .debug_abbrev  0x00001dde      0x3de src/cpu_hardware.o
 .debug_abbrev  0x000021bc      0x21a src/xprintf.o
 .debug_abbrev  0x000023d6      0x248 src/main.o

.debug_line     0x00000000     0x896e
 *(.debug_line .debug_line.* .debug_line_end)
 .debug_line    0x00000000      0x133 C:/Program Files (x86)/Atmel/Studio/7.0/Packs/atmel/ATmega_DFP/1.2.132/gcc/dev/atmega328p/avr5/crtatmega328p.o
 .debug_line    0x00000133      0x876 threads/buzzer_thread.o
 .debug_line    0x000009a9      0x849 threads/led_thread.o
 .debug_line    0x000011f2      0x821 ecos/clock.o
 .debug_line    0x00001a13      0xb21 ecos/etimer.o
 .debug_line    0x00002534      0xb52 ecos/process.o
 .debug_line    0x00003086      0x81c ecos/procinit.o
 .debug_line    0x000038a2      0x87b ecos/timer.o
 .debug_line    0x0000411d      0x669 src/ASF/common/boards/user_board/init.o
 .debug_line    0x00004786     0x13d9 src/ASF/common/services/adp/adp.o
 .debug_line    0x00005b5f      0x735 src/ASF/common/services/adp/adp_interface_uart.o
 .debug_line    0x00006294      0x759 src/ASF/common/services/calendar/calendar.o
 .debug_line    0x000069ed      0x4ad src/ASF/common/services/clock/mega/sysclk.o
 .debug_line    0x00006e9a      0xb97 src/cpu_hardware.o
 .debug_line    0x00007a31      0x6d4 src/xprintf.o
 .debug_line    0x00008105      0x869 src/main.o

.debug_frame    0x00000000     0x1544
 *(.debug_frame)
 .debug_frame   0x00000000       0x30 threads/buzzer_thread.o
 .debug_frame   0x00000030       0x30 threads/led_thread.o
 .debug_frame   0x00000060       0x84 ecos/clock.o
 .debug_frame   0x000000e4      0x1b4 ecos/etimer.o
 .debug_frame   0x00000298      0x154 ecos/process.o
 .debug_frame   0x000003ec       0x30 ecos/procinit.o
 .debug_frame   0x0000041c       0xb0 ecos/timer.o
 .debug_frame   0x000004cc       0x24 src/ASF/common/boards/user_board/init.o
 .debug_frame   0x000004f0      0x898 src/ASF/common/services/adp/adp.o
 .debug_frame   0x00000d88       0x58 src/ASF/common/services/adp/adp_interface_uart.o
 .debug_frame   0x00000de0      0x238 src/ASF/common/services/calendar/calendar.o
 .debug_frame   0x00001018       0x74 src/ASF/common/services/clock/mega/sysclk.o
 .debug_frame   0x0000108c      0x218 src/cpu_hardware.o
 .debug_frame   0x000012a4      0x25c src/xprintf.o
 .debug_frame   0x00001500       0x44 src/main.o

.debug_str      0x00000000    0x14e1a
 *(.debug_str)
 .debug_str     0x00000000      0x208 C:/Program Files (x86)/Atmel/Studio/7.0/Packs/atmel/ATmega_DFP/1.2.132/gcc/dev/atmega328p/avr5/crtatmega328p.o
 .debug_str     0x00000208    0x12bd5 threads/buzzer_thread.o
                              0x12e44 (size before relaxing)
 .debug_str     0x00012ddd       0x33 threads/led_thread.o
                              0x12e21 (size before relaxing)
 .debug_str     0x00012e10       0x29 ecos/clock.o
                              0x12d62 (size before relaxing)
 .debug_str     0x00012e39      0x15a ecos/etimer.o
                              0x12f77 (size before relaxing)
 .debug_str     0x00012f93      0x173 ecos/process.o
                              0x12f3b (size before relaxing)
 .debug_str     0x00013106       0x2a ecos/procinit.o
                              0x12dbc (size before relaxing)
 .debug_str     0x00013130       0x20 ecos/timer.o
                              0x12dab (size before relaxing)
 .debug_str     0x00013150      0x167 src/ASF/common/boards/user_board/init.o
                              0x10f3c (size before relaxing)
 .debug_str     0x000132b7     0x11e2 src/ASF/common/services/adp/adp.o
                              0x12eac (size before relaxing)
 .debug_str     0x00014499      0x107 src/ASF/common/services/adp/adp_interface_uart.o
                              0x11071 (size before relaxing)
 .debug_str     0x000145a0      0x2ab src/ASF/common/services/calendar/calendar.o
                               0xf341 (size before relaxing)
 .debug_str     0x0001484b       0xc6 src/ASF/common/services/clock/mega/sysclk.o
                               0xf80a (size before relaxing)
 .debug_str     0x00014911      0x424 src/cpu_hardware.o
                              0x12aee (size before relaxing)
 .debug_str     0x00014d35       0xa3 src/xprintf.o
                               0x2e6e (size before relaxing)
 .debug_str     0x00014dd8       0x42 src/main.o
                              0x12f30 (size before relaxing)

.debug_loc      0x00000000     0x7fe9
 *(.debug_loc)
 .debug_loc     0x00000000      0x1ad threads/buzzer_thread.o
 .debug_loc     0x000001ad      0x15e threads/led_thread.o
 .debug_loc     0x0000030b       0xfa ecos/clock.o
 .debug_loc     0x00000405      0x750 ecos/etimer.o
 .debug_loc     0x00000b55      0x61f ecos/process.o
 .debug_loc     0x00001174       0x43 ecos/procinit.o
 .debug_loc     0x000011b7      0x28e ecos/timer.o
 .debug_loc     0x00001445       0xc8 src/ASF/common/boards/user_board/init.o
 .debug_loc     0x0000150d     0x3c79 src/ASF/common/services/adp/adp.o
 .debug_loc     0x00005186      0x240 src/ASF/common/services/adp/adp_interface_uart.o
 .debug_loc     0x000053c6      0xc05 src/ASF/common/services/calendar/calendar.o
 .debug_loc     0x00005fcb      0x1c4 src/ASF/common/services/clock/mega/sysclk.o
 .debug_loc     0x0000618f      0x85b src/cpu_hardware.o
 .debug_loc     0x000069ea     0x15eb src/xprintf.o
 .debug_loc     0x00007fd5       0x14 src/main.o

.debug_macinfo
 *(.debug_macinfo)

.debug_weaknames
 *(.debug_weaknames)

.debug_funcnames
 *(.debug_funcnames)

.debug_typenames
 *(.debug_typenames)

.debug_varnames
 *(.debug_varnames)

.debug_pubtypes
 *(.debug_pubtypes)

.debug_ranges   0x00000000      0x4a8
 *(.debug_ranges)
 .debug_ranges  0x00000000       0x10 threads/buzzer_thread.o
 .debug_ranges  0x00000010       0x10 threads/led_thread.o
 .debug_ranges  0x00000020       0x18 ecos/clock.o
 .debug_ranges  0x00000038       0x80 ecos/etimer.o
 .debug_ranges  0x000000b8       0x70 ecos/process.o
 .debug_ranges  0x00000128       0x10 ecos/procinit.o
 .debug_ranges  0x00000138       0x30 ecos/timer.o
 .debug_ranges  0x00000168       0x10 src/ASF/common/boards/user_board/init.o
 .debug_ranges  0x00000178      0x148 src/ASF/common/services/adp/adp.o
 .debug_ranges  0x000002c0       0x60 src/ASF/common/services/adp/adp_interface_uart.o
 .debug_ranges  0x00000320       0x88 src/ASF/common/services/calendar/calendar.o
 .debug_ranges  0x000003a8       0x20 src/ASF/common/services/clock/mega/sysclk.o
 .debug_ranges  0x000003c8       0x48 src/cpu_hardware.o
 .debug_ranges  0x00000410       0x60 src/xprintf.o
 .debug_ranges  0x00000470       0x38 src/main.o

.debug_macro    0x00000000     0x6644
 *(.debug_macro)
 .debug_macro   0x00000000      0x30b threads/buzzer_thread.o
 .debug_macro   0x0000030b      0xa48 threads/buzzer_thread.o
 .debug_macro   0x00000d53       0x22 threads/buzzer_thread.o
 .debug_macro   0x00000d75       0x6a threads/buzzer_thread.o
 .debug_macro   0x00000ddf       0xf5 threads/buzzer_thread.o
 .debug_macro   0x00000ed4       0x16 threads/buzzer_thread.o
 .debug_macro   0x00000eea       0x16 threads/buzzer_thread.o
 .debug_macro   0x00000f00       0x28 threads/buzzer_thread.o
 .debug_macro   0x00000f28       0x10 threads/buzzer_thread.o
 .debug_macro   0x00000f38      0x1c9 threads/buzzer_thread.o
 .debug_macro   0x00001101      0x2fc threads/buzzer_thread.o
 .debug_macro   0x000013fd       0x9e threads/buzzer_thread.o
 .debug_macro   0x0000149b     0x1410 threads/buzzer_thread.o
 .debug_macro   0x000028ab      0x13a threads/buzzer_thread.o
 .debug_macro   0x000029e5       0xbd threads/buzzer_thread.o
 .debug_macro   0x00002aa2       0x34 threads/buzzer_thread.o
 .debug_macro   0x00002ad6       0x18 threads/buzzer_thread.o
 .debug_macro   0x00002aee       0x6c threads/buzzer_thread.o
 .debug_macro   0x00002b5a       0x22 threads/buzzer_thread.o
 .debug_macro   0x00002b7c      0x16d threads/buzzer_thread.o
 .debug_macro   0x00002ce9       0x1c threads/buzzer_thread.o
 .debug_macro   0x00002d05       0x35 threads/buzzer_thread.o
 .debug_macro   0x00002d3a       0x66 threads/buzzer_thread.o
 .debug_macro   0x00002da0      0x64b threads/buzzer_thread.o
 .debug_macro   0x000033eb       0x44 threads/buzzer_thread.o
 .debug_macro   0x0000342f       0x69 threads/buzzer_thread.o
 .debug_macro   0x00003498       0x2c threads/buzzer_thread.o
 .debug_macro   0x000034c4       0x10 threads/buzzer_thread.o
 .debug_macro   0x000034d4       0xe2 threads/buzzer_thread.o
 .debug_macro   0x000035b6       0x40 threads/buzzer_thread.o
 .debug_macro   0x000035f6      0x100 threads/buzzer_thread.o
 .debug_macro   0x000036f6       0x1c threads/buzzer_thread.o
 .debug_macro   0x00003712       0x10 threads/buzzer_thread.o
 .debug_macro   0x00003722       0x22 threads/buzzer_thread.o
 .debug_macro   0x00003744       0x2e threads/buzzer_thread.o
 .debug_macro   0x00003772       0x40 threads/buzzer_thread.o
 .debug_macro   0x000037b2      0x2c6 threads/buzzer_thread.o
 .debug_macro   0x00003a78       0x7d threads/buzzer_thread.o
 .debug_macro   0x00003af5       0x28 threads/buzzer_thread.o
 .debug_macro   0x00003b1d       0x1d threads/buzzer_thread.o
 .debug_macro   0x00003b3a       0x56 threads/buzzer_thread.o
 .debug_macro   0x00003b90       0x40 threads/buzzer_thread.o
 .debug_macro   0x00003bd0       0x58 threads/buzzer_thread.o
 .debug_macro   0x00003c28       0x10 threads/buzzer_thread.o
 .debug_macro   0x00003c38       0xf2 threads/buzzer_thread.o
 .debug_macro   0x00003d2a       0x58 threads/buzzer_thread.o
 .debug_macro   0x00003d82      0x1ce threads/buzzer_thread.o
 .debug_macro   0x00003f50       0x4c threads/buzzer_thread.o
 .debug_macro   0x00003f9c       0x22 threads/buzzer_thread.o
 .debug_macro   0x00003fbe       0x16 threads/buzzer_thread.o
 .debug_macro   0x00003fd4      0x21e threads/buzzer_thread.o
 .debug_macro   0x000041f2       0x35 threads/buzzer_thread.o
 .debug_macro   0x00004227       0x4c threads/buzzer_thread.o
 .debug_macro   0x00004273      0x30b threads/led_thread.o
 .debug_macro   0x0000457e      0x30f ecos/clock.o
 .debug_macro   0x0000488d      0x30f ecos/etimer.o
 .debug_macro   0x00004b9c      0x32d ecos/process.o
 .debug_macro   0x00004ec9      0x31b ecos/procinit.o
 .debug_macro   0x000051e4      0x30f ecos/timer.o
 .debug_macro   0x000054f3      0x21c src/ASF/common/boards/user_board/init.o
 .debug_macro   0x0000570f      0x251 src/ASF/common/services/adp/adp.o
 .debug_macro   0x00005960       0x22 src/ASF/common/services/adp/adp.o
 .debug_macro   0x00005982      0x218 src/ASF/common/services/adp/adp.o
 .debug_macro   0x00005b9a      0x22a src/ASF/common/services/adp/adp_interface_uart.o
 .debug_macro   0x00005dc4      0x163 src/ASF/common/services/calendar/calendar.o
 .debug_macro   0x00005f27      0x15a src/ASF/common/services/clock/mega/sysclk.o
 .debug_macro   0x00006081      0x291 src/cpu_hardware.o
 .debug_macro   0x00006312       0x23 src/xprintf.o
 .debug_macro   0x00006335      0x30f src/main.o
OUTPUT(AVR_Template.elf elf32-avr)
LOAD linker stubs
