Archive member included to satisfy reference by file (symbol)

c:/program files (x86)/atmel/studio/7.0/toolchain/avr8/avr8-gnu-toolchain/bin/../lib/gcc/avr/5.4.0/avr5\libgcc.a(_mulsi3.o)
                              src/xprintf.o (__mulsi3)
c:/program files (x86)/atmel/studio/7.0/toolchain/avr8/avr8-gnu-toolchain/bin/../lib/gcc/avr/5.4.0/avr5\libgcc.a(_divmodhi4.o)
                              src/cpu_hardware.o (__divmodhi4)
c:/program files (x86)/atmel/studio/7.0/toolchain/avr8/avr8-gnu-toolchain/bin/../lib/gcc/avr/5.4.0/avr5\libgcc.a(_udivmodsi4.o)
                              ecos/clock.o (__udivmodsi4)
c:/program files (x86)/atmel/studio/7.0/toolchain/avr8/avr8-gnu-toolchain/bin/../lib/gcc/avr/5.4.0/avr5\libgcc.a(_exit.o)
                              C:/Program Files (x86)/Atmel/Studio/7.0/Packs/atmel/ATmega_DFP/1.2.132/gcc/dev/atmega328p/avr5/crtatmega328p.o (exit)
c:/program files (x86)/atmel/studio/7.0/toolchain/avr8/avr8-gnu-toolchain/bin/../lib/gcc/avr/5.4.0/avr5\libgcc.a(_tablejump2.o)
                              src/xprintf.o (__tablejump2__)
c:/program files (x86)/atmel/studio/7.0/toolchain/avr8/avr8-gnu-toolchain/bin/../lib/gcc/avr/5.4.0/avr5\libgcc.a(_copy_data.o)
                              threads/adp_thread.o (__do_copy_data)
c:/program files (x86)/atmel/studio/7.0/toolchain/avr8/avr8-gnu-toolchain/bin/../lib/gcc/avr/5.4.0/avr5\libgcc.a(_clear_bss.o)
                              threads/adp_thread.o (__do_clear_bss)
c:/program files (x86)/atmel/studio/7.0/toolchain/avr8/avr8-gnu-toolchain/bin/../lib/gcc/avr/5.4.0/avr5\libgcc.a(_umulhisi3.o)
                              src/ASF/common/services/calendar/calendar.o (__umulhisi3)
c:/program files (x86)/atmel/studio/7.0/toolchain/avr8/avr8-gnu-toolchain/bin/../lib/gcc/avr/5.4.0/avr5\libgcc.a(_usmulhisi3.o)
                              src/ASF/common/services/calendar/calendar.o (__usmulhisi3)
c:/program files (x86)/atmel/studio/7.0/toolchain/avr8/avr8-gnu-toolchain/bin/../lib/gcc/avr/5.4.0/avr5\libgcc.a(_muluhisi3.o)
                              src/ASF/common/services/calendar/calendar.o (__muluhisi3)
c:/program files (x86)/atmel/studio/7.0/toolchain/avr8/avr8-gnu-toolchain/bin/../lib/gcc/avr/5.4.0/avr5\libgcc.a(_udivmodhi4.o)
                              c:/program files (x86)/atmel/studio/7.0/toolchain/avr8/avr8-gnu-toolchain/bin/../lib/gcc/avr/5.4.0/avr5\libgcc.a(_divmodhi4.o) (__udivmodhi4)
c:/program files (x86)/atmel/studio/7.0/toolchain/avr8/avr8-gnu-toolchain/bin/../lib/gcc/avr/5.4.0/../../../../avr/lib/avr5\libc.a(setjmp.o)
                              src/ASF/common/utils/unit_test/suite.o (setjmp)
c:/program files (x86)/atmel/studio/7.0/toolchain/avr8/avr8-gnu-toolchain/bin/../lib/gcc/avr/5.4.0/../../../../avr/lib/avr5\libc.a(fputc.o)
                              src/ASF/common/utils/unit_test/suite.o (fputc)
c:/program files (x86)/atmel/studio/7.0/toolchain/avr8/avr8-gnu-toolchain/bin/../lib/gcc/avr/5.4.0/../../../../avr/lib/avr5\libc.a(iob.o)
                              src/ASF/common/utils/unit_test/suite.o (__iob)
c:/program files (x86)/atmel/studio/7.0/toolchain/avr8/avr8-gnu-toolchain/bin/../lib/gcc/avr/5.4.0/../../../../avr/lib/avr5\libc.a(printf.o)
                              src/ASF/common/utils/unit_test/suite.o (printf)
c:/program files (x86)/atmel/studio/7.0/toolchain/avr8/avr8-gnu-toolchain/bin/../lib/gcc/avr/5.4.0/../../../../avr/lib/avr5\libc.a(puts.o)
                              src/ASF/common/utils/unit_test/suite.o (puts)
c:/program files (x86)/atmel/studio/7.0/toolchain/avr8/avr8-gnu-toolchain/bin/../lib/gcc/avr/5.4.0/../../../../avr/lib/avr5\libc.a(sprintf.o)
                              src/cpu_hardware.o (sprintf)
c:/program files (x86)/atmel/studio/7.0/toolchain/avr8/avr8-gnu-toolchain/bin/../lib/gcc/avr/5.4.0/../../../../avr/lib/avr5\libc.a(vfprintf_std.o)
                              src/ASF/common/utils/unit_test/suite.o (vfprintf)
c:/program files (x86)/atmel/studio/7.0/toolchain/avr8/avr8-gnu-toolchain/bin/../lib/gcc/avr/5.4.0/../../../../avr/lib/avr5\libc.a(strnlen_P.o)
                              c:/program files (x86)/atmel/studio/7.0/toolchain/avr8/avr8-gnu-toolchain/bin/../lib/gcc/avr/5.4.0/../../../../avr/lib/avr5\libc.a(vfprintf_std.o) (strnlen_P)
c:/program files (x86)/atmel/studio/7.0/toolchain/avr8/avr8-gnu-toolchain/bin/../lib/gcc/avr/5.4.0/../../../../avr/lib/avr5\libc.a(strnlen.o)
                              c:/program files (x86)/atmel/studio/7.0/toolchain/avr8/avr8-gnu-toolchain/bin/../lib/gcc/avr/5.4.0/../../../../avr/lib/avr5\libc.a(vfprintf_std.o) (strnlen)
c:/program files (x86)/atmel/studio/7.0/toolchain/avr8/avr8-gnu-toolchain/bin/../lib/gcc/avr/5.4.0/../../../../avr/lib/avr5\libc.a(ultoa_invert.o)
                              c:/program files (x86)/atmel/studio/7.0/toolchain/avr8/avr8-gnu-toolchain/bin/../lib/gcc/avr/5.4.0/../../../../avr/lib/avr5\libc.a(vfprintf_std.o) (__ultoa_invert)
[...]
Memory Configuration

Name             Origin             Length             Attributes
text             0x00000000         0x00020000         xr
data             0x00800060         0x0000ffa0         rw !x
eeprom           0x00810000         0x00010000         rw !x
fuse             0x00820000         0x00000003         rw !x
lock             0x00830000         0x00000400         rw !x
signature        0x00840000         0x00000400         rw !x
user_signatures  0x00850000         0x00000400         rw !x
*default*        0x00000000         0xffffffff

Linker script and memory map

Address of section .data set to 0x800100
LOAD C:/Program Files (x86)/Atmel/Studio/7.0/Packs/atmel/ATmega_DFP/1.2.132/gcc/dev/atmega328p/avr5/crtatmega328p.o
LOAD threads/adp_thread.o
LOAD threads/buzzer_thread.o
LOAD threads/led_thread.o
LOAD threads/start_thread.o
LOAD ecos/clock.o
LOAD ecos/ctimer.o
LOAD ecos/etimer.o
LOAD ecos/process.o
LOAD ecos/procinit.o
LOAD ecos/timer.o
LOAD src/ASF/common/boards/user_board/init.o
LOAD src/ASF/common/services/adp/adp.o
LOAD src/ASF/common/services/adp/adp_interface_uart.o
LOAD src/ASF/common/services/calendar/calendar.o
LOAD src/ASF/common/services/clock/mega/sysclk.o
LOAD src/ASF/common/utils/stdio/read.o
LOAD src/ASF/common/utils/stdio/write.o
LOAD src/ASF/common/utils/unit_test/suite.o
LOAD src/cpu_hardware.o
LOAD src/xprintf.o
LOAD src/ASF/mega/drivers/usart/usart_mega.o
LOAD src/main.o
START GROUP
LOAD c:/program files (x86)/atmel/studio/7.0/toolchain/avr8/avr8-gnu-toolchain/bin/../lib/gcc/avr/5.4.0/../../../../avr/lib/avr5\libm.a
END GROUP
START GROUP
LOAD c:/program files (x86)/atmel/studio/7.0/toolchain/avr8/avr8-gnu-toolchain/bin/../lib/gcc/avr/5.4.0/avr5\libgcc.a
LOAD c:/program files (x86)/atmel/studio/7.0/toolchain/avr8/avr8-gnu-toolchain/bin/../lib/gcc/avr/5.4.0/../../../../avr/lib/avr5\libm.a
LOAD c:/program files (x86)/atmel/studio/7.0/toolchain/avr8/avr8-gnu-toolchain/bin/../lib/gcc/avr/5.4.0/../../../../avr/lib/avr5\libc.a
LOAD C:/Program Files (x86)/Atmel/Studio/7.0/Packs/atmel/ATmega_DFP/1.2.132/gcc/dev/atmega328p/avr5\libatmega328p.a
END GROUP
                0x00020000                __TEXT_REGION_LENGTH__ = DEFINED (__TEXT_REGION_LENGTH__)?__TEXT_REGION_LENGTH__:0x20000
                0x0000ffa0                __DATA_REGION_LENGTH__ = DEFINED (__DATA_REGION_LENGTH__)?__DATA_REGION_LENGTH__:0xffa0
                0x00010000                __EEPROM_REGION_LENGTH__ = DEFINED (__EEPROM_REGION_LENGTH__)?__EEPROM_REGION_LENGTH__:0x10000
                [0x00000003]                __FUSE_REGION_LENGTH__ = DEFINED (__FUSE_REGION_LENGTH__)?__FUSE_REGION_LENGTH__:0x400
                0x00000400                __LOCK_REGION_LENGTH__ = DEFINED (__LOCK_REGION_LENGTH__)?__LOCK_REGION_LENGTH__:0x400
                0x00000400                __SIGNATURE_REGION_LENGTH__ = DEFINED (__SIGNATURE_REGION_LENGTH__)?__SIGNATURE_REGION_LENGTH__:0x400
                0x00000400                __USER_SIGNATURE_REGION_LENGTH__ = DEFINED (__USER_SIGNATURE_REGION_LENGTH__)?__USER_SIGNATURE_REGION_LENGTH__:0x400

.hash
 *(.hash)

.dynsym
 *(.dynsym)

.dynstr
 *(.dynstr)

.gnu.version
 *(.gnu.version)

.gnu.version_d
 *(.gnu.version_d)

.gnu.version_r
 *(.gnu.version_r)

.rel.init
 *(.rel.init)

.rela.init
 *(.rela.init)

.rel.text
 *(.rel.text)
 *(.rel.text.*)
 *(.rel.gnu.linkonce.t*)

.rela.text
 *(.rela.text)
 *(.rela.text.*)
 *(.rela.gnu.linkonce.t*)

.rel.fini
 *(.rel.fini)

.rela.fini
 *(.rela.fini)

.rel.rodata
 *(.rel.rodata)
 *(.rel.rodata.*)
 *(.rel.gnu.linkonce.r*)

.rela.rodata
 *(.rela.rodata)
 *(.rela.rodata.*)
 *(.rela.gnu.linkonce.r*)

.rel.data
 *(.rel.data)
 *(.rel.data.*)
 *(.rel.gnu.linkonce.d*)

.rela.data
 *(.rela.data)
 *(.rela.data.*)
 *(.rela.gnu.linkonce.d*)

.rel.ctors
 *(.rel.ctors)

.rela.ctors
 *(.rela.ctors)

.rel.dtors
 *(.rel.dtors)

.rela.dtors
 *(.rela.dtors)

.rel.got
 *(.rel.got)

.rela.got
 *(.rela.got)

.rel.bss
 *(.rel.bss)

.rela.bss
 *(.rela.bss)

.rel.plt
 *(.rel.plt)

.rela.plt
 *(.rela.plt)

.text           0x00000000     0x2c80
 *(.vectors)
 .vectors       0x00000000       0x68 C:/Program Files (x86)/Atmel/Studio/7.0/Packs/atmel/ATmega_DFP/1.2.132/gcc/dev/atmega328p/avr5/crtatmega328p.o
                0x00000000                __vector_default
                0x00000000                __vectors
 *(.vectors)
 *(.progmem.gcc*)
 .progmem.gcc_sw_table.xvprintf
                0x00000068       0x2e src/xprintf.o
                0x00000096                . = ALIGN (0x2)
                0x00000096                __trampolines_start = .
 *(.trampolines)
 .trampolines   0x00000096        0x0 linker stubs
 *(.trampolines*)
                0x00000096                __trampolines_end = .
 *libprintf_flt.a:*(.progmem.data)
 *libc.a:*(.progmem.data)
 *(.progmem*)
                0x00000096                . = ALIGN (0x2)
 *(.jumptables)
 *(.jumptables*)
 *(.lowtext)
 *(.lowtext*)
                0x00000096                __ctors_start = .
 *(.ctors)
                0x00000096                __ctors_end = .
                0x00000096                __dtors_start = .
 *(.dtors)
                0x00000096                __dtors_end = .
 SORT(*)(.ctors)
 SORT(*)(.dtors)
 *(.init0)
 .init0         0x00000096        0x0 C:/Program Files (x86)/Atmel/Studio/7.0/Packs/atmel/ATmega_DFP/1.2.132/gcc/dev/atmega328p/avr5/crtatmega328p.o
                0x00000096                __init
 *(.init0)
 *(.init1)
 *(.init1)
 *(.init2)
 .init2         0x00000096        0xc C:/Program Files (x86)/Atmel/Studio/7.0/Packs/atmel/ATmega_DFP/1.2.132/gcc/dev/atmega328p/avr5/crtatmega328p.o
 *(.init2)
 *(.init3)
 *(.init3)
 *(.init4)
 .init4         0x000000a2       0x16 c:/program files (x86)/atmel/studio/7.0/toolchain/avr8/avr8-gnu-toolchain/bin/../lib/gcc/avr/5.4.0/avr5\libgcc.a(_copy_data.o)
                0x000000a2                __do_copy_data
 .init4         0x000000b8       0x10 c:/program files (x86)/atmel/studio/7.0/toolchain/avr8/avr8-gnu-toolchain/bin/../lib/gcc/avr/5.4.0/avr5\libgcc.a(_clear_bss.o)
                0x000000b8                __do_clear_bss
 *(.init4)
 *(.init5)
 *(.init5)
 *(.init6)
 *(.init6)
 *(.init7)
 *(.init7)
 *(.init8)
 *(.init8)
 *(.init9)
 .init9         0x000000c8        0x8 C:/Program Files (x86)/Atmel/Studio/7.0/Packs/atmel/ATmega_DFP/1.2.132/gcc/dev/atmega328p/avr5/crtatmega328p.o
 *(.init9)
 *(.text)
 .text          0x000000d0        0x2 C:/Program Files (x86)/Atmel/Studio/7.0/Packs/atmel/ATmega_DFP/1.2.132/gcc/dev/atmega328p/avr5/crtatmega328p.o
                0x000000d0                __vector_22
                0x000000d0                __vector_1
                0x000000d0                __vector_24
                0x000000d0                __vector_12
                0x000000d0                __bad_interrupt
                0x000000d0                __vector_6
                0x000000d0                __vector_3
                0x000000d0                __vector_23
                0x000000d0                __vector_25
                0x000000d0                __vector_11
                0x000000d0                __vector_17
                0x000000d0                __vector_7
                0x000000d0                __vector_5
                0x000000d0                __vector_4
                0x000000d0                __vector_9
                0x000000d0                __vector_2
                0x000000d0                __vector_21
                0x000000d0                __vector_15
                0x000000d0                __vector_8
                0x000000d0                __vector_14
                0x000000d0                __vector_10
                0x000000d0                __vector_20
                0x000000d2                . = ALIGN (0x2)
 *(.text.*)
 .text.process_thread_adp_process
                0x000000d2       0x82 threads/adp_thread.o
 .text.process_thread_buzzer_process
                0x00000154       0x9a threads/buzzer_thread.o
 .text.process_thread_led_process
                0x000001ee       0x60 threads/led_thread.o
 .text.process_thread_start_process
                0x0000024e       0x6e threads/start_thread.o
 .text.ecos_tick
                0x000002bc       0x7a ecos/clock.o
                0x000002bc                ecos_tick
 .text.clock_time
                0x00000336       0x12 ecos/clock.o
                0x00000336                clock_time
 .text.update_time
                0x00000348       0xc0 ecos/etimer.o
 .text.etimer_request_poll
                0x00000408        0x8 ecos/etimer.o
                0x00000408                etimer_request_poll
 .text.process_thread_etimer_process
                0x00000410      0x128 ecos/etimer.o
 .text.add_timer
                0x00000538       0x6c ecos/etimer.o
 .text.etimer_set
                0x000005a4       0x12 ecos/etimer.o
                0x000005a4                etimer_set
 .text.etimer_pending
                0x000005b6       0x16 ecos/etimer.o
                0x000005b6                etimer_pending
 .text.exit_process
                0x000005cc       0xfe ecos/process.o
 .text.call_process
                0x000006ca       0x58 ecos/process.o
 .text.do_poll  0x00000722       0x3e ecos/process.o
 .text.process_init
                0x00000760       0x20 ecos/process.o
                0x00000760                process_init
 .text.process_run
                0x00000780       0xbe ecos/process.o
                0x00000780                process_run
 .text.process_post
                0x0000083e       0x42 ecos/process.o
                0x0000083e                process_post
 .text.process_post_synch
                0x00000880       0x1c ecos/process.o
                0x00000880                process_post_synch
 .text.process_start
                0x0000089c       0x48 ecos/process.o
                0x0000089c                process_start
 .text.process_poll
                0x000008e4       0x18 ecos/process.o
                0x000008e4                process_poll
 .text.timer_set
                0x000008fc       0x1e ecos/timer.o
                0x000008fc                timer_set
 .text.timer_expired
                0x0000091a       0x54 ecos/timer.o
                0x0000091a                timer_expired
 .text.board_init
                0x0000096e       0x22 src/ASF/common/boards/user_board/init.o
                0x0000096e                board_init
 .text.adp_protocol_add_byte
                0x00000990      0x234 src/ASF/common/services/adp/adp.o
 .text.adp_wait_for_response
                0x00000bc4       0x94 src/ASF/common/services/adp/adp.o
 .text.adp_request_handshake
                0x00000c58      0x140 src/ASF/common/services/adp/adp.o
 .text.adp_add_send_byte
                0x00000d98       0x50 src/ASF/common/services/adp/adp.o
                0x00000d98                adp_add_send_byte
 .text.adp_add_dashboard_element_common_send_byte
                0x00000de8       0x8c src/ASF/common/services/adp/adp.o
 .text.adp_wait_for_handshake
                0x00000e74       0x28 src/ASF/common/services/adp/adp.o
                0x00000e74                adp_wait_for_handshake
 .text.adp_configure_stream
                0x00000e9c      0x12a src/ASF/common/services/adp/adp.o
                0x00000e9c                adp_configure_stream
 .text.adp_configure_terminal
                0x00000fc6      0x10a src/ASF/common/services/adp/adp.o
                0x00000fc6                adp_configure_terminal
 .text.adp_add_stream_to_terminal
                0x000010d0      0x13a src/ASF/common/services/adp/adp.o
                0x000010d0                adp_add_stream_to_terminal
 .text.adp_add_dashboard
                0x0000120a      0x11a src/ASF/common/services/adp/adp.o
                0x0000120a                adp_add_dashboard
 .text.adp_add_graph_to_dashboard
                0x00001324      0x188 src/ASF/common/services/adp/adp.o
                0x00001324                adp_add_graph_to_dashboard
 .text.adp_add_stream_to_element
                0x000014ac       0xea src/ASF/common/services/adp/adp.o
                0x000014ac                adp_add_stream_to_element
 .text.adp_transceive_stream
                0x00001596      0x124 src/ASF/common/services/adp/adp.o
                0x00001596                adp_transceive_stream
 .text.adp_transceive_single_stream
                0x000016ba       0x48 src/ASF/common/services/adp/adp.o
                0x000016ba                adp_transceive_single_stream
 .text.adp_interface_read_response
                0x00001702       0x98 src/ASF/common/services/adp/adp_interface_uart.o
                0x00001702                adp_interface_read_response
 .text.adp_interface_transceive_procotol
                0x0000179a       0x2a src/ASF/common/services/adp/adp_interface_uart.o
                0x0000179a                adp_interface_transceive_procotol
 .text.calendar_leapyear
                0x000017c4       0x6a src/ASF/common/services/calendar/calendar.o
 .text.Find_WeekDay
                0x0000182e       0xbe src/ASF/common/services/calendar/calendar.o
                0x0000182e                Find_WeekDay
 .text.Calc_WeekDay
                0x000018ec       0x1c src/ASF/common/services/calendar/calendar.o
                0x000018ec                Calc_WeekDay
 .text.calendar_add_second_to_date
                0x00001908       0x9e src/ASF/common/services/calendar/calendar.o
                0x00001908                calendar_add_second_to_date
 .text.sysclk_init
                0x000019a6       0x32 src/ASF/common/services/clock/mega/sysclk.o
                0x000019a6                sysclk_init
 .text.sysclk_enable_module
                0x000019d8       0x2c src/ASF/common/services/clock/mega/sysclk.o
                0x000019d8                sysclk_enable_module
 .text.__portable_avr_delay_cycles
                0x00001a04       0x16 src/cpu_hardware.o
 .text.uart_putchar
                0x00001a1a       0x7a src/cpu_hardware.o
                0x00001a1a                uart_putchar
 .text.__vector_16
                0x00001a94       0x4a src/cpu_hardware.o
                0x00001a94                __vector_16
 .text.__vector_13
                0x00001ade      0x164 src/cpu_hardware.o
                0x00001ade                __vector_13
 .text.__vector_19
                0x00001c42       0x80 src/cpu_hardware.o
                0x00001c42                __vector_19
 .text.__vector_18
                0x00001cc2       0x68 src/cpu_hardware.o
                0x00001cc2                __vector_18
 .text.adp_window_add_terminal
                0x00001d2a       0x64 src/cpu_hardware.o
                0x00001d2a                adp_window_add_terminal
 .text.adp_window_add_dashboard_control
                0x00001d8e      0x116 src/cpu_hardware.o
                0x00001d8e                adp_window_add_dashboard_control
 .text.Cpu_Measurement
                0x00001ea4      0x122 src/cpu_hardware.o
                0x00001ea4                Cpu_Measurement
 .text.Cpu_Hardware_Init
                0x00001fc6      0x17a src/cpu_hardware.o
                0x00001fc6                Cpu_Hardware_Init
 .text.xputc    0x00002140       0x3c src/xprintf.o
                0x00002140                xputc
 .text.xputs    0x0000217c       0x1c src/xprintf.o
                0x0000217c                xputs
 .text.xvprintf
                0x00002198      0x404 src/xprintf.o
 .text.xprintf  0x0000259c       0x1e src/xprintf.o
                0x0000259c                xprintf
 .text.Tick_Timer_Process
                0x000025ba        0x6 src/main.o
                0x000025ba                Tick_Timer_Process
 .text.Second_Timer_Process
                0x000025c0        0x2 src/main.o
                0x000025c0                Second_Timer_Process
 .text.main     0x000025c2       0x3a src/main.o
                0x000025c2                main
 .text.libgcc.div
                0x000025fc       0x26 c:/program files (x86)/atmel/studio/7.0/toolchain/avr8/avr8-gnu-toolchain/bin/../lib/gcc/avr/5.4.0/avr5\libgcc.a(_divmodhi4.o)
                0x000025fc                _div
                0x000025fc                __divmodhi4
 .text.libgcc.div
                0x00002622       0x44 c:/program files (x86)/atmel/studio/7.0/toolchain/avr8/avr8-gnu-toolchain/bin/../lib/gcc/avr/5.4.0/avr5\libgcc.a(_udivmodsi4.o)
                0x00002622                __udivmodsi4
 .text.libgcc   0x00002666        0xc c:/program files (x86)/atmel/studio/7.0/toolchain/avr8/avr8-gnu-toolchain/bin/../lib/gcc/avr/5.4.0/avr5\libgcc.a(_tablejump2.o)
                0x00002666                __tablejump2__
 .text.libgcc.mul
                0x00002672       0x1e c:/program files (x86)/atmel/studio/7.0/toolchain/avr8/avr8-gnu-toolchain/bin/../lib/gcc/avr/5.4.0/avr5\libgcc.a(_umulhisi3.o)
                0x00002672                __umulhisi3
 .text.libgcc.mul
                0x00002690       0x14 c:/program files (x86)/atmel/studio/7.0/toolchain/avr8/avr8-gnu-toolchain/bin/../lib/gcc/avr/5.4.0/avr5\libgcc.a(_muluhisi3.o)
                0x00002690                __muluhisi3
 .text.libgcc.div
                0x000026a4       0x28 c:/program files (x86)/atmel/studio/7.0/toolchain/avr8/avr8-gnu-toolchain/bin/../lib/gcc/avr/5.4.0/avr5\libgcc.a(_udivmodhi4.o)
                0x000026a4                __udivmodhi4
 .text.avr-libc
                0x000026cc       0x78 c:/program files (x86)/atmel/studio/7.0/toolchain/avr8/avr8-gnu-toolchain/bin/../lib/gcc/avr/5.4.0/../../../../avr/lib/avr5\libc.a(fputc.o)
                0x000026cc                fputc
 .text.avr-libc
                0x00002744       0x3e c:/program files (x86)/atmel/studio/7.0/toolchain/avr8/avr8-gnu-toolchain/bin/../lib/gcc/avr/5.4.0/../../../../avr/lib/avr5\libc.a(sprintf.o)
                0x00002744                sprintf
 .text.avr-libc
                0x00002782      0x3a4 c:/program files (x86)/atmel/studio/7.0/toolchain/avr8/avr8-gnu-toolchain/bin/../lib/gcc/avr/5.4.0/../../../../avr/lib/avr5\libc.a(vfprintf_std.o)
                0x00002782                vfprintf
 .text.avr-libc
                0x00002b26       0x16 c:/program files (x86)/atmel/studio/7.0/toolchain/avr8/avr8-gnu-toolchain/bin/../lib/gcc/avr/5.4.0/../../../../avr/lib/avr5\libc.a(strnlen_P.o)
                0x00002b26                strnlen_P
 .text.avr-libc
                0x00002b3c       0x16 c:/program files (x86)/atmel/studio/7.0/toolchain/avr8/avr8-gnu-toolchain/bin/../lib/gcc/avr/5.4.0/../../../../avr/lib/avr5\libc.a(strnlen.o)
                0x00002b3c                strnlen
 .text.avr-libc
                0x00002b52       0xbc c:/program files (x86)/atmel/studio/7.0/toolchain/avr8/avr8-gnu-toolchain/bin/../lib/gcc/avr/5.4.0/../../../../avr/lib/avr5\libc.a(ultoa_invert.o)
                0x00002b52                __ultoa_invert
 .text.libgcc.prologue
                0x00002c0e       0x38 c:/program files (x86)/atmel/studio/7.0/toolchain/avr8/avr8-gnu-toolchain/bin/../lib/gcc/avr/5.4.0/avr5\libgcc.a(_prologue.o)
                0x00002c0e                __prologue_saves__
 .text.libgcc.prologue
                0x00002c46       0x36 c:/program files (x86)/atmel/studio/7.0/toolchain/avr8/avr8-gnu-toolchain/bin/../lib/gcc/avr/5.4.0/avr5\libgcc.a(_epilogue.o)
                0x00002c46                __epilogue_restores__
                0x00002c7c                . = ALIGN (0x2)
 *(.fini9)
 .fini9         0x00002c7c        0x0 c:/program files (x86)/atmel/studio/7.0/toolchain/avr8/avr8-gnu-toolchain/bin/../lib/gcc/avr/5.4.0/avr5\libgcc.a(_exit.o)
                0x00002c7c                _exit
                0x00002c7c                exit
 *(.fini9)
 *(.fini8)
 *(.fini8)
 *(.fini7)
 *(.fini7)
 *(.fini6)
 *(.fini6)
 *(.fini5)
 *(.fini5)
 *(.fini4)
 *(.fini4)
 *(.fini3)
 *(.fini3)
 *(.fini2)
 *(.fini2)
 *(.fini1)
 *(.fini1)
 *(.fini0)
 .fini0         0x00002c7c        0x4 c:/program files (x86)/atmel/studio/7.0/toolchain/avr8/avr8-gnu-toolchain/bin/../lib/gcc/avr/5.4.0/avr5\libgcc.a(_exit.o)
 *(.fini0)
                0x00002c80                _etext = .

.data           0x00800100      0x1b0 load address 0x00002c80
                0x00800100                PROVIDE (__data_start, .)
 *(.data)
 *(.data*)
 .data.retry.3713
                0x00800100        0x1 threads/adp_thread.o
 .data.adp_process
                0x00800101        0xa threads/adp_thread.o
                0x00800101                adp_process
 .data.buzzer_process
                0x0080010b        0xa threads/buzzer_thread.o
                0x0080010b                buzzer_process
 .data.led_process
                0x00800115        0xa threads/led_thread.o
                0x00800115                led_process
 .data.start_process
                0x0080011f        0xa threads/start_thread.o
                0x0080011f                start_process
 .data.procinit
                0x00800129        0xa threads/start_thread.o
                0x00800129                procinit
 .data.etimer_process
                0x00800133        0xa ecos/etimer.o
                0x00800133                etimer_process
 .data.last_received_message_id
                0x0080013d        0x1 src/ASF/common/services/adp/adp.o
 .data.real_date
                0x0080013e        0x8 src/cpu_hardware.o
                0x0080013e                real_date
 .data.terminal_config
                0x00800146        0xa src/cpu_hardware.o
                0x00800146                terminal_config
 .data.cpu_measurement_restart
                0x00800150        0x1 src/cpu_hardware.o
                0x00800150                cpu_measurement_restart
 *(.rodata)
 .rodata        0x00800151        0x8 src/ASF/common/services/adp/adp.o
 .rodata        0x00800159        0xc src/ASF/common/services/calendar/calendar.o
 .rodata        0x00800165       0x12 src/cpu_hardware.o
 *(.rodata*)
 .rodata.str1.1
                0x00800177       0x17 threads/adp_thread.o
 .rodata.str1.1
                0x0080018e       0x3a threads/buzzer_thread.o
 .rodata.str1.1
                0x008001c8       0x19 threads/led_thread.o
 .rodata.str1.1
                0x008001e1       0x3e threads/start_thread.o
 .rodata.str1.1
                0x0080021f        0xc ecos/etimer.o
 .rodata.month  0x0080022b       0x18 src/ASF/common/services/calendar/calendar.o
                0x0080022b                month
 .rodata.str1.1
                0x00800243       0x5d src/cpu_hardware.o
 .rodata.str1.1
                0x008002a0       0x10 src/main.o
 *(.gnu.linkonce.d*)
                0x008002b0                . = ALIGN (0x2)
                0x008002b0                _edata = .
                0x008002b0                PROVIDE (__data_end, .)

.bss            0x008002b0      0x198
                0x008002b0                PROVIDE (__bss_start, .)
 *(.bss)
 *(.bss*)
 .bss.timer_etimer.3712
                0x008002b0        0xc threads/adp_thread.o
 .bss.timer_etimer.3712
                0x008002bc        0xc threads/buzzer_thread.o
 .bss.timer_etimer.3712
                0x008002c8        0xc threads/led_thread.o
 .bss.ticks     0x008002d4        0x4 ecos/clock.o
 .bss.seconds   0x008002d8        0x4 ecos/clock.o
 .bss.next_expiration
                0x008002dc        0x4 ecos/etimer.o
 .bss.timerlist
                0x008002e0        0x2 ecos/etimer.o
 .bss.poll_requested
                0x008002e2        0x1 ecos/process.o
 .bss.events    0x008002e3       0xa0 ecos/process.o
 .bss.fevent    0x00800383        0x1 ecos/process.o
 .bss.nevents   0x00800384        0x1 ecos/process.o
 .bss.lastevent
                0x00800385        0x1 ecos/process.o
 .bss.process_current
                0x00800386        0x2 ecos/process.o
                0x00800386                process_current
 .bss.process_list
                0x00800388        0x2 ecos/process.o
                0x00800388                process_list
 .bss.message_id.3484
                0x0080038a        0x1 src/ASF/common/services/adp/adp.o
 .bss.rx_state  0x0080038b        0x1 src/ASF/common/services/adp/adp.o
 .bss.length_received
                0x0080038c        0x2 src/ASF/common/services/adp/adp.o
 .bss.prev_data
                0x0080038e        0x1 src/ASF/common/services/adp/adp.o
 .bss.bytes_received
                0x0080038f        0x2 src/ASF/common/services/adp/adp.o
 .bss.packet_received
                0x00800391        0x1 src/ASF/common/services/adp/adp.o
 .bss.cpu_cycle.3606
                0x00800392        0x4 src/cpu_hardware.o
 .bss.cpu_avg_t.3605
                0x00800396        0x4 src/cpu_hardware.o
 .bss.cpu_timer_t.3604
                0x0080039a        0x1 src/cpu_hardware.o
 .bss.kont.3554
                0x0080039b        0x1 src/cpu_hardware.o
 .bss.receive_packet_data
                0x0080039c       0x16 src/cpu_hardware.o
                0x0080039c                receive_packet_data
 .bss.outptr    0x008003b2        0x2 src/xprintf.o
 *(COMMON)
 COMMON         0x008003b4       0x90 src/cpu_hardware.o
                0x008003b4                out_buffer
                0x008003f4                in_buffer
                0x00800434                cpu_max
                0x00800435                ring_buffer_in
                0x0080043a                cpu_avg
                0x0080043e                cpu_min
                0x0080043f                ring_buffer_out
 COMMON         0x00800444        0x4 src/xprintf.o
                0x00800444                xfunc_in
                0x00800446                xfunc_out
                0x00800448                PROVIDE (__bss_end, .)
                0x00002c80                __data_load_start = LOADADDR (.data)
                0x00002e30                __data_load_end = (__data_load_start + SIZEOF (.data))

.noinit         0x00800448        0x0
                [!provide]                PROVIDE (__noinit_start, .)
 *(.noinit*)
                [!provide]                PROVIDE (__noinit_end, .)
                0x00800448                _end = .
                [!provide]                PROVIDE (__heap_start, .)

.eeprom         0x00810000        0x0
 *(.eeprom*)
                0x00810000                __eeprom_end = .

.fuse
 *(.fuse)
 *(.lfuse)
 *(.hfuse)
 *(.efuse)

.lock
 *(.lock*)

.signature
 *(.signature*)

.user_signatures
 *(.user_signatures*)

.stab
 *(.stab)

.stabstr
 *(.stabstr)

.stab.excl
 *(.stab.excl)

.stab.exclstr
 *(.stab.exclstr)

.stab.index
 *(.stab.index)

.stab.indexstr
 *(.stab.indexstr)

.comment        0x00000000       0x5c
 *(.comment)
 .comment       0x00000000       0x30 threads/adp_thread.o
                                 0x31 (size before relaxing)
 .comment       0x00000030       0x31 threads/buzzer_thread.o
 .comment       0x00000030       0x31 threads/led_thread.o
 .comment       0x00000030       0x31 threads/start_thread.o
 .comment       0x00000030       0x31 ecos/clock.o
 .comment       0x00000030       0x31 ecos/etimer.o
 .comment       0x00000030       0x31 ecos/process.o
 .comment       0x00000030       0x31 ecos/timer.o
 .comment       0x00000030       0x31 src/ASF/common/boards/user_board/init.o
 .comment       0x00000030       0x31 src/ASF/common/services/adp/adp.o
 .comment       0x00000030       0x31 src/ASF/common/services/adp/adp_interface_uart.o
 .comment       0x00000030       0x31 src/ASF/common/services/calendar/calendar.o
 .comment       0x00000030       0x31 src/ASF/common/services/clock/mega/sysclk.o
 .comment       0x00000030       0x31 src/cpu_hardware.o
 .comment       0x00000030       0x31 src/xprintf.o
 .comment       0x00000030       0x31 src/main.o
 .comment       0x00000030       0x31 c:/program files (x86)/atmel/studio/7.0/toolchain/avr8/avr8-gnu-toolchain/bin/../lib/gcc/avr/5.4.0/../../../../avr/lib/avr5\libc.a(fputc.o)
 .comment       0x00000030       0x31 c:/program files (x86)/atmel/studio/7.0/toolchain/avr8/avr8-gnu-toolchain/bin/../lib/gcc/avr/5.4.0/../../../../avr/lib/avr5\libc.a(sprintf.o)
 .comment       0x00000030       0x2c c:/program files (x86)/atmel/studio/7.0/toolchain/avr8/avr8-gnu-toolchain/bin/../lib/gcc/avr/5.4.0/../../../../avr/lib/avr5\libc.a(vfprintf_std.o)
                                 0x2d (size before relaxing)

.note.gnu.avr.deviceinfo
                0x00000000       0x40
 .note.gnu.avr.deviceinfo
                0x00000000       0x40 C:/Program Files (x86)/Atmel/Studio/7.0/Packs/atmel/ATmega_DFP/1.2.132/gcc/dev/atmega328p/avr5/crtatmega328p.o

.note.gnu.build-id
 *(.note.gnu.build-id)

.debug
 *(.debug)

.line
 *(.line)

.debug_srcinfo
 *(.debug_srcinfo)

.debug_sfnames
 *(.debug_sfnames)

.debug_aranges  0x00000000      0x518
 *(.debug_aranges)
 .debug_aranges
                0x00000000       0x20 threads/adp_thread.o
 .debug_aranges
                0x00000020       0x20 threads/buzzer_thread.o
 .debug_aranges
                0x00000040       0x20 threads/led_thread.o
 .debug_aranges
                0x00000060       0x20 threads/start_thread.o
 .debug_aranges
                0x00000080       0x50 ecos/clock.o
 .debug_aranges
                0x000000d0       0x90 ecos/etimer.o
 .debug_aranges
                0x00000160       0x80 ecos/process.o
 .debug_aranges
                0x000001e0       0x40 ecos/timer.o
 .debug_aranges
                0x00000220       0x20 src/ASF/common/boards/user_board/init.o
 .debug_aranges
                0x00000240      0x110 src/ASF/common/services/adp/adp.o
 .debug_aranges
                0x00000350       0x28 src/ASF/common/services/adp/adp_interface_uart.o
 .debug_aranges
                0x00000378       0x68 src/ASF/common/services/calendar/calendar.o
 .debug_aranges
                0x000003e0       0x30 src/ASF/common/services/clock/mega/sysclk.o
 .debug_aranges
                0x00000410       0x68 src/cpu_hardware.o
 .debug_aranges
                0x00000478       0x70 src/xprintf.o
 .debug_aranges
                0x000004e8       0x30 src/main.o

.debug_pubnames
 *(.debug_pubnames)

.debug_info     0x00000000     0xa832
 *(.debug_info .gnu.linkonce.wi.*)
 .debug_info    0x00000000      0x5f4 C:/Program Files (x86)/Atmel/Studio/7.0/Packs/atmel/ATmega_DFP/1.2.132/gcc/dev/atmega328p/avr5/crtatmega328p.o
 .debug_info    0x000005f4      0x423 threads/adp_thread.o
 .debug_info    0x00000a17      0x3e2 threads/buzzer_thread.o
 .debug_info    0x00000df9      0x502 threads/led_thread.o
 .debug_info    0x000012fb      0x381 threads/start_thread.o
 .debug_info    0x0000167c      0x332 ecos/clock.o
 .debug_info    0x000019ae      0x7f9 ecos/etimer.o
 .debug_info    0x000021a7      0x7dc ecos/process.o
 .debug_info    0x00002983      0x2f1 ecos/timer.o
 .debug_info    0x00002c74      0x47b src/ASF/common/boards/user_board/init.o
 .debug_info    0x000030ef     0x483b src/ASF/common/services/adp/adp.o
 .debug_info    0x0000792a      0x49a src/ASF/common/services/adp/adp_interface_uart.o
 .debug_info    0x00007dc4      0x795 src/ASF/common/services/calendar/calendar.o
 .debug_info    0x00008559      0x2ac src/ASF/common/services/clock/mega/sysclk.o
 .debug_info    0x00008805     0x1431 src/cpu_hardware.o
 .debug_info    0x00009c36      0x732 src/xprintf.o
 .debug_info    0x0000a368      0x4ca src/main.o

.debug_abbrev   0x00000000     0x291e
 *(.debug_abbrev)
 .debug_abbrev  0x00000000      0x5a2 C:/Program Files (x86)/Atmel/Studio/7.0/Packs/atmel/ATmega_DFP/1.2.132/gcc/dev/atmega328p/avr5/crtatmega328p.o
 .debug_abbrev  0x000005a2      0x1ab threads/adp_thread.o
 .debug_abbrev  0x0000074d      0x191 threads/buzzer_thread.o
 .debug_abbrev  0x000008de      0x21e threads/led_thread.o
 .debug_abbrev  0x00000afc      0x1a0 threads/start_thread.o
 .debug_abbrev  0x00000c9c      0x1df ecos/clock.o
 .debug_abbrev  0x00000e7b      0x2af ecos/etimer.o
 .debug_abbrev  0x0000112a      0x351 ecos/process.o
 .debug_abbrev  0x0000147b      0x16b ecos/timer.o
 .debug_abbrev  0x000015e6      0x1a3 src/ASF/common/boards/user_board/init.o
 .debug_abbrev  0x00001789      0x375 src/ASF/common/services/adp/adp.o
 .debug_abbrev  0x00001afe      0x227 src/ASF/common/services/adp/adp_interface_uart.o
 .debug_abbrev  0x00001d25      0x242 src/ASF/common/services/calendar/calendar.o
 .debug_abbrev  0x00001f67      0x1a6 src/ASF/common/services/clock/mega/sysclk.o
 .debug_abbrev  0x0000210d      0x3d5 src/cpu_hardware.o
 .debug_abbrev  0x000024e2      0x21a src/xprintf.o
 .debug_abbrev  0x000026fc      0x222 src/main.o

.debug_line     0x00000000     0x932b
 *(.debug_line .debug_line.* .debug_line_end)
 .debug_line    0x00000000      0x133 C:/Program Files (x86)/Atmel/Studio/7.0/Packs/atmel/ATmega_DFP/1.2.132/gcc/dev/atmega328p/avr5/crtatmega328p.o
 .debug_line    0x00000133      0x877 threads/adp_thread.o
 .debug_line    0x000009aa      0x872 threads/buzzer_thread.o
 .debug_line    0x0000121c      0x851 threads/led_thread.o
 .debug_line    0x00001a6d      0x851 threads/start_thread.o
 .debug_line    0x000022be      0x8f7 ecos/clock.o
 .debug_line    0x00002bb5      0xb31 ecos/etimer.o
 .debug_line    0x000036e6      0xb62 ecos/process.o
 .debug_line    0x00004248      0x88b ecos/timer.o
 .debug_line    0x00004ad3      0x669 src/ASF/common/boards/user_board/init.o
 .debug_line    0x0000513c     0x13db src/ASF/common/services/adp/adp.o
 .debug_line    0x00006517      0x735 src/ASF/common/services/adp/adp_interface_uart.o
 .debug_line    0x00006c4c      0x759 src/ASF/common/services/calendar/calendar.o
 .debug_line    0x000073a5      0x4ad src/ASF/common/services/clock/mega/sysclk.o
 .debug_line    0x00007852      0xb94 src/cpu_hardware.o
 .debug_line    0x000083e6      0x6d4 src/xprintf.o
 .debug_line    0x00008aba      0x871 src/main.o

.debug_frame    0x00000000     0x1604
 *(.debug_frame)
 .debug_frame   0x00000000       0x38 threads/adp_thread.o
 .debug_frame   0x00000038       0x4c threads/buzzer_thread.o
 .debug_frame   0x00000084       0x38 threads/led_thread.o
 .debug_frame   0x000000bc       0x48 threads/start_thread.o
 .debug_frame   0x00000104       0x90 ecos/clock.o
 .debug_frame   0x00000194      0x1b4 ecos/etimer.o
 .debug_frame   0x00000348      0x154 ecos/process.o
 .debug_frame   0x0000049c       0xb0 ecos/timer.o
 .debug_frame   0x0000054c       0x24 src/ASF/common/boards/user_board/init.o
 .debug_frame   0x00000570      0x898 src/ASF/common/services/adp/adp.o
 .debug_frame   0x00000e08       0x58 src/ASF/common/services/adp/adp_interface_uart.o
 .debug_frame   0x00000e60      0x238 src/ASF/common/services/calendar/calendar.o
 .debug_frame   0x00001098       0x74 src/ASF/common/services/clock/mega/sysclk.o
 .debug_frame   0x0000110c      0x248 src/cpu_hardware.o
 .debug_frame   0x00001354      0x25c src/xprintf.o
 .debug_frame   0x000015b0       0x54 src/main.o

.debug_str      0x00000000    0x14ec8
 *(.debug_str)
 .debug_str     0x00000000      0x208 C:/Program Files (x86)/Atmel/Studio/7.0/Packs/atmel/ATmega_DFP/1.2.132/gcc/dev/atmega328p/avr5/crtatmega328p.o
 .debug_str     0x00000208    0x12cb1 threads/adp_thread.o
                              0x12f0c (size before relaxing)
 .debug_str     0x00012eb9       0x39 threads/buzzer_thread.o
                              0x12e4e (size before relaxing)
 .debug_str     0x00012ef2       0xfd threads/led_thread.o
                              0x12f27 (size before relaxing)
 .debug_str     0x00012fef       0x4e threads/start_thread.o
                              0x12e57 (size before relaxing)
 .debug_str     0x0001303d       0x90 ecos/clock.o
                              0x12e02 (size before relaxing)
 .debug_str     0x000130cd      0x137 ecos/etimer.o
                              0x12fa7 (size before relaxing)
 .debug_str     0x00013204      0x173 ecos/process.o
                              0x12f6b (size before relaxing)
 .debug_str     0x00013377       0x20 ecos/timer.o
                              0x12ddb (size before relaxing)
 .debug_str     0x00013397       0xc4 src/ASF/common/boards/user_board/init.o
                              0x10f3c (size before relaxing)
 .debug_str     0x0001345b     0x115c src/ASF/common/services/adp/adp.o
                              0x12eac (size before relaxing)
 .debug_str     0x000145b7      0x107 src/ASF/common/services/adp/adp_interface_uart.o
                              0x11071 (size before relaxing)
 .debug_str     0x000146be      0x2ab src/ASF/common/services/calendar/calendar.o
                               0xf341 (size before relaxing)
 .debug_str     0x00014969       0xc6 src/ASF/common/services/clock/mega/sysclk.o
                               0xf80a (size before relaxing)
 .debug_str     0x00014a2f      0x3eb src/cpu_hardware.o
                              0x12a8f (size before relaxing)
 .debug_str     0x00014e1a       0x9b src/xprintf.o
                               0x2e8f (size before relaxing)
 .debug_str     0x00014eb5       0x13 src/main.o
                              0x12f25 (size before relaxing)

.debug_loc      0x00000000     0x8334
 *(.debug_loc)
 .debug_loc     0x00000000      0x185 threads/adp_thread.o
 .debug_loc     0x00000185      0x222 threads/buzzer_thread.o
 .debug_loc     0x000003a7      0x1a2 threads/led_thread.o
 .debug_loc     0x00000549      0x184 threads/start_thread.o
 .debug_loc     0x000006cd       0xa9 ecos/clock.o
 .debug_loc     0x00000776      0x750 ecos/etimer.o
 .debug_loc     0x00000ec6      0x61f ecos/process.o
 .debug_loc     0x000014e5      0x28e ecos/timer.o
 .debug_loc     0x00001773       0xc8 src/ASF/common/boards/user_board/init.o
 .debug_loc     0x0000183b     0x3c79 src/ASF/common/services/adp/adp.o
 .debug_loc     0x000054b4      0x240 src/ASF/common/services/adp/adp_interface_uart.o
 .debug_loc     0x000056f4      0xc05 src/ASF/common/services/calendar/calendar.o
 .debug_loc     0x000062f9      0x1c4 src/ASF/common/services/clock/mega/sysclk.o
 .debug_loc     0x000064bd      0x822 src/cpu_hardware.o
 .debug_loc     0x00006cdf     0x15eb src/xprintf.o
 .debug_loc     0x000082ca       0x6a src/main.o

.debug_macinfo
 *(.debug_macinfo)

.debug_weaknames
 *(.debug_weaknames)

.debug_funcnames
 *(.debug_funcnames)

.debug_typenames
 *(.debug_typenames)

.debug_varnames
 *(.debug_varnames)

.debug_pubtypes
 *(.debug_pubtypes)

.debug_ranges   0x00000000      0x4f0
 *(.debug_ranges)
 .debug_ranges  0x00000000       0x10 threads/adp_thread.o
 .debug_ranges  0x00000010       0x10 threads/buzzer_thread.o
 .debug_ranges  0x00000020       0x10 threads/led_thread.o
 .debug_ranges  0x00000030       0x10 threads/start_thread.o
 .debug_ranges  0x00000040       0x40 ecos/clock.o
 .debug_ranges  0x00000080       0x80 ecos/etimer.o
 .debug_ranges  0x00000100       0x70 ecos/process.o
 .debug_ranges  0x00000170       0x30 ecos/timer.o
 .debug_ranges  0x000001a0       0x10 src/ASF/common/boards/user_board/init.o
 .debug_ranges  0x000001b0      0x148 src/ASF/common/services/adp/adp.o
 .debug_ranges  0x000002f8       0x60 src/ASF/common/services/adp/adp_interface_uart.o
 .debug_ranges  0x00000358       0x88 src/ASF/common/services/calendar/calendar.o
 .debug_ranges  0x000003e0       0x20 src/ASF/common/services/clock/mega/sysclk.o
 .debug_ranges  0x00000400       0x58 src/cpu_hardware.o
 .debug_ranges  0x00000458       0x60 src/xprintf.o
 .debug_ranges  0x000004b8       0x38 src/main.o

.debug_macro    0x00000000     0x699f
 *(.debug_macro)
 .debug_macro   0x00000000      0x315 threads/adp_thread.o
 .debug_macro   0x00000315      0xa48 threads/adp_thread.o
 .debug_macro   0x00000d5d       0x22 threads/adp_thread.o
 .debug_macro   0x00000d7f       0x6a threads/adp_thread.o
 .debug_macro   0x00000de9       0xf5 threads/adp_thread.o
 .debug_macro   0x00000ede       0x16 threads/adp_thread.o
 .debug_macro   0x00000ef4       0x16 threads/adp_thread.o
 .debug_macro   0x00000f0a       0x28 threads/adp_thread.o
 .debug_macro   0x00000f32       0x10 threads/adp_thread.o
 .debug_macro   0x00000f42      0x1c9 threads/adp_thread.o
 .debug_macro   0x0000110b      0x2fc threads/adp_thread.o
 .debug_macro   0x00001407       0x9e threads/adp_thread.o
 .debug_macro   0x000014a5     0x1410 threads/adp_thread.o
 .debug_macro   0x000028b5      0x13a threads/adp_thread.o
 .debug_macro   0x000029ef       0xbd threads/adp_thread.o
 .debug_macro   0x00002aac       0x34 threads/adp_thread.o
 .debug_macro   0x00002ae0       0x18 threads/adp_thread.o
 .debug_macro   0x00002af8       0x6c threads/adp_thread.o
 .debug_macro   0x00002b64       0x22 threads/adp_thread.o
 .debug_macro   0x00002b86      0x16d threads/adp_thread.o
 .debug_macro   0x00002cf3       0x1c threads/adp_thread.o
 .debug_macro   0x00002d0f       0x35 threads/adp_thread.o
 .debug_macro   0x00002d44       0x66 threads/adp_thread.o
 .debug_macro   0x00002daa      0x64b threads/adp_thread.o
 .debug_macro   0x000033f5       0x44 threads/adp_thread.o
 .debug_macro   0x00003439       0x69 threads/adp_thread.o
 .debug_macro   0x000034a2       0x2c threads/adp_thread.o
 .debug_macro   0x000034ce       0x10 threads/adp_thread.o
 .debug_macro   0x000034de       0xe2 threads/adp_thread.o
 .debug_macro   0x000035c0       0x40 threads/adp_thread.o
 .debug_macro   0x00003600      0x100 threads/adp_thread.o
 .debug_macro   0x00003700       0x1c threads/adp_thread.o
 .debug_macro   0x0000371c       0x10 threads/adp_thread.o
 .debug_macro   0x0000372c       0x22 threads/adp_thread.o
 .debug_macro   0x0000374e       0x2e threads/adp_thread.o
 .debug_macro   0x0000377c       0x40 threads/adp_thread.o
 .debug_macro   0x000037bc      0x2c6 threads/adp_thread.o
 .debug_macro   0x00003a82       0x7d threads/adp_thread.o
 .debug_macro   0x00003aff       0x28 threads/adp_thread.o
 .debug_macro   0x00003b27       0x1d threads/adp_thread.o
 .debug_macro   0x00003b44       0x56 threads/adp_thread.o
 .debug_macro   0x00003b9a       0x40 threads/adp_thread.o
 .debug_macro   0x00003bda       0x58 threads/adp_thread.o
 .debug_macro   0x00003c32       0x10 threads/adp_thread.o
 .debug_macro   0x00003c42       0xf2 threads/adp_thread.o
 .debug_macro   0x00003d34       0x58 threads/adp_thread.o
 .debug_macro   0x00003d8c      0x1ce threads/adp_thread.o
 .debug_macro   0x00003f5a       0x52 threads/adp_thread.o
 .debug_macro   0x00003fac       0x22 threads/adp_thread.o
 .debug_macro   0x00003fce       0x16 threads/adp_thread.o
 .debug_macro   0x00003fe4      0x21e threads/adp_thread.o
 .debug_macro   0x00004202       0x35 threads/adp_thread.o
 .debug_macro   0x00004237       0x4c threads/adp_thread.o
 .debug_macro   0x00004283      0x315 threads/buzzer_thread.o
 .debug_macro   0x00004598      0x315 threads/led_thread.o
 .debug_macro   0x000048ad      0x315 threads/start_thread.o
 .debug_macro   0x00004bc2      0x319 ecos/clock.o
 .debug_macro   0x00004edb      0x319 ecos/etimer.o
 .debug_macro   0x000051f4      0x337 ecos/process.o
 .debug_macro   0x0000552b      0x319 ecos/timer.o
 .debug_macro   0x00005844      0x21c src/ASF/common/boards/user_board/init.o
 .debug_macro   0x00005a60      0x251 src/ASF/common/services/adp/adp.o
 .debug_macro   0x00005cb1       0x22 src/ASF/common/services/adp/adp.o
 .debug_macro   0x00005cd3      0x218 src/ASF/common/services/adp/adp.o
 .debug_macro   0x00005eeb      0x22a src/ASF/common/services/adp/adp_interface_uart.o
 .debug_macro   0x00006115      0x163 src/ASF/common/services/calendar/calendar.o
 .debug_macro   0x00006278      0x15a src/ASF/common/services/clock/mega/sysclk.o
 .debug_macro   0x000063d2      0x291 src/cpu_hardware.o
 .debug_macro   0x00006663       0x23 src/xprintf.o
 .debug_macro   0x00006686      0x319 src/main.o
OUTPUT(AVR_Template.elf elf32-avr)
LOAD linker stubs
